:KWWindowWithPanelsExample.vtkKWTopLevel2	KWWindowWithPanelsExample.vtkKWTopLevel2
:KWWindowWithPanelsExample.vtkKWWindow0.vtkKWFrame3.vtkKWSplitFrame0.vtkKWFrame0.vtkKWNotebook0.vtkKWFrameWithLabel3.vtkKWFrame1.vtkKWFrame1.vtkKWHSVColorSelector0.vtkKWCanvas0	KWWindowWithPanelsExample.vtkKWWindow0.vtkKWFrame3.vtkKWSplitFrame0.vtkKWFrame0.vtkKWNotebook0.vtkKWFrameWithLabel3.vtkKWFrame1.vtkKWFrame1.vtkKWHSVColorSelector0.vtkKWCanvas0
:KWWindowWithPanelsExample.vtkKWWindow0.vtkKWFrame3.vtkKWSplitFrame0.vtkKWFrame0.vtkKWNotebook0.vtkKWFrameWithLabel3.vtkKWFrame1.vtkKWFrame1.vtkKWHSVColorSelector0.vtkKWCanvas1	KWWindowWithPanelsExample.vtkKWWindow0.vtkKWFrame3.vtkKWSplitFrame0.vtkKWFrame0.vtkKWNotebook0.vtkKWFrameWithLabel3.vtkKWFrame1.vtkKWFrame1.vtkKWHSVColorSelector0.vtkKWCanvas1
:KWWindowWithPanelsExample.vtkKWWindow0.vtkKWFrame3.vtkKWSplitFrame0.vtkKWFrame2.vtkKWSplitFrame0.vtkKWFrame0.vtkKWNotebook0.vtkKWRadioButtonSet3.vtkKWRadioButton1	KWWindowWithPanelsExample.vtkKWWindow0.vtkKWFrame3.vtkKWSplitFrame0.vtkKWFrame2.vtkKWSplitFrame0.vtkKWFrame0.vtkKWNotebook0.vtkKWRadioButtonSet3.vtkKWRadioButton1
:KWWindowWithPanelsExample.vtkKWWindow0.vtkKWFrame3.vtkKWSplitFrame0.vtkKWFrame2.vtkKWSplitFrame0.vtkKWFrame0.vtkKWNotebook0.vtkKWRadioButtonSet3.vtkKWRadioButton2	KWWindowWithPanelsExample.vtkKWWindow0.vtkKWFrame3.vtkKWSplitFrame0.vtkKWFrame2.vtkKWSplitFrame0.vtkKWFrame0.vtkKWNotebook0.vtkKWRadioButtonSet3.vtkKWRadioButton2
:KWWindowWithPanelsExample.vtkKWWindow0.vtkKWFrame3.vtkKWSplitFrame0.vtkKWFrame2.vtkKWToolbarSet1.vtkKWFrame0.vtkKWToolbar0.vtkKWFrame0	KWWindowWithPanelsExample.vtkKWWindow0.vtkKWFrame3.vtkKWSplitFrame0.vtkKWFrame2.vtkKWToolbarSet1.vtkKWFrame0.vtkKWToolbar0.vtkKWFrame0
:KWWindowWithPanelsExample.vtkKWWindow0.vtkKWFrame3.vtkKWSplitFrame0.vtkKWFrame2.vtkKWToolbarSet1.vtkKWFrame0.vtkKWToolbar0.vtkKWFrame0.vtkKWPushButton1	KWWindowWithPanelsExample.vtkKWWindow0.vtkKWFrame3.vtkKWSplitFrame0.vtkKWFrame2.vtkKWToolbarSet1.vtkKWFrame0.vtkKWToolbar0.vtkKWFrame0.vtkKWPushButton1
:KWWindowWithPanelsExample.vtkKWWindow0.vtkKWFrame3.vtkKWSplitFrame0.vtkKWFrame2.vtkKWToolbarSet1.vtkKWFrame0.vtkKWToolbar0.vtkKWFrame0.vtkKWPushButton9	KWWindowWithPanelsExample.vtkKWWindow0.vtkKWFrame3.vtkKWSplitFrame0.vtkKWFrame2.vtkKWToolbarSet1.vtkKWFrame0.vtkKWToolbar0.vtkKWFrame0.vtkKWPushButton9
:KWWindowWithPanelsExample.vtkKWWindow0.vtkKWToolbarSet2.vtkKWFrame0.vtkKWToolbar0.vtkKWFrame0.vtkKWPushButton1	KWWindowWithPanelsExample.vtkKWWindow0.vtkKWToolbarSet2.vtkKWFrame0.vtkKWToolbar0.vtkKWFrame0.vtkKWPushButton1
:KWWindowWithPanelsExample.vtkKWWindow0.vtkKWToolbarSet2.vtkKWFrame0.vtkKWToolbar0.vtkKWFrame0.vtkKWPushButton10	KWWindowWithPanelsExample.vtkKWWindow0.vtkKWToolbarSet2.vtkKWFrame0.vtkKWToolbar0.vtkKWFrame0.vtkKWPushButton10
:KWWindowWithPanelsExample.vtkKWWindow0.vtkKWToolbarSet2.vtkKWFrame0.vtkKWToolbar0.vtkKWFrame0.vtkKWPushButton3	KWWindowWithPanelsExample.vtkKWWindow0.vtkKWToolbarSet2.vtkKWFrame0.vtkKWToolbar0.vtkKWFrame0.vtkKWPushButton3
:KWWindowWithPanelsExample.vtkKWWindow0.vtkKWToolbarSet2.vtkKWFrame0.vtkKWToolbar0.vtkKWFrame0.vtkKWPushButton5	KWWindowWithPanelsExample.vtkKWWindow0.vtkKWToolbarSet2.vtkKWFrame0.vtkKWToolbar0.vtkKWFrame0.vtkKWPushButton5
:KWWindowWithPanelsExample.vtkKWWindow0.vtkKWToolbarSet2.vtkKWFrame0.vtkKWToolbar0.vtkKWFrame0.vtkKWPushButton9	KWWindowWithPanelsExample.vtkKWWindow0.vtkKWToolbarSet2.vtkKWFrame0.vtkKWToolbar0.vtkKWFrame0.vtkKWPushButton9
