:KWMedicalImageViewerExample.vtkKWMessageDialog3.vtkKWFrame0.vtkKWFrame4.vtkKWFrame0.vtkKWPushButton0	KWMedicalImageViewerExample.vtkKWMessageDialog3.vtkKWFrame0.vtkKWFrame4.vtkKWFrame0.vtkKWPushButton0
:KWMedicalImageViewerExample.vtkKWMessageDialog4.vtkKWFrame0.vtkKWFrame4.vtkKWFrame0.vtkKWPushButton0	KWMedicalImageViewerExample.vtkKWMessageDialog4.vtkKWFrame0.vtkKWFrame4.vtkKWFrame0.vtkKWPushButton0
:KWMedicalImageViewerExample.vtkKWMyWindow0.vtkKWFrame3.vtkKWSplitFrame0.vtkKWFrame0.vtkKWFrameWithLabel1.vtkKWFrame1.vtkKWFrame1.vtkKWWindowLevelPresetSelector0.vtkKWFrame1.vtkKWToolbar0.vtkKWFrame0.vtkKWPushButton3	KWMedicalImageViewerExample.vtkKWMyWindow0.vtkKWFrame3.vtkKWSplitFrame0.vtkKWFrame0.vtkKWFrameWithLabel1.vtkKWFrame1.vtkKWFrame1.vtkKWWindowLevelPresetSelector0.vtkKWFrame1.vtkKWToolbar0.vtkKWFrame0.vtkKWPushButton3
:KWMedicalImageViewerExample.vtkKWMyWindow0.vtkKWFrame3.vtkKWSplitFrame0.vtkKWFrame0.vtkKWFrameWithLabel1.vtkKWFrame1.vtkKWFrame1.vtkKWWindowLevelPresetSelector0.vtkKWMultiColumnListWithScrollbars0.vtkKWMultiColumnList2.body	KWMedicalImageViewerExample.vtkKWMyWindow0.vtkKWFrame3.vtkKWSplitFrame0.vtkKWFrame0.vtkKWFrameWithLabel1.vtkKWFrame1.vtkKWFrame1.vtkKWWindowLevelPresetSelector0.vtkKWMultiColumnListWithScrollbars0.vtkKWMultiColumnList2.body
:KWMedicalImageViewerExample.vtkKWMyWindow0.vtkKWFrame3.vtkKWSplitFrame0.vtkKWFrame0.vtkKWFrameWithLabel2.vtkKWFrame1.vtkKWFrame1.vtkKWSimpleAnimationWidget0.vtkKWPushButtonSet1.vtkKWPushButton0	KWMedicalImageViewerExample.vtkKWMyWindow0.vtkKWFrame3.vtkKWSplitFrame0.vtkKWFrame0.vtkKWFrameWithLabel2.vtkKWFrame1.vtkKWFrame1.vtkKWSimpleAnimationWidget0.vtkKWPushButtonSet1.vtkKWPushButton0
:KWMedicalImageViewerExample.vtkKWMyWindow0.vtkKWFrame3.vtkKWSplitFrame0.vtkKWFrame0.vtkKWFrameWithLabel2.vtkKWFrame1.vtkKWFrame1.vtkKWSimpleAnimationWidget0.vtkKWPushButtonSet1.vtkKWPushButton1	KWMedicalImageViewerExample.vtkKWMyWindow0.vtkKWFrame3.vtkKWSplitFrame0.vtkKWFrame0.vtkKWFrameWithLabel2.vtkKWFrame1.vtkKWFrame1.vtkKWSimpleAnimationWidget0.vtkKWPushButtonSet1.vtkKWPushButton1
:KWMedicalImageViewerExample.vtkKWMyWindow0.vtkKWFrame3.vtkKWSplitFrame0.vtkKWFrame0.vtkKWFrameWithLabel2.vtkKWFrame1.vtkKWFrame1.vtkKWSimpleAnimationWidget0.vtkKWScaleWithEntrySet0.vtkKWScaleWithEntry0.vtkKWEntry2	KWMedicalImageViewerExample.vtkKWMyWindow0.vtkKWFrame3.vtkKWSplitFrame0.vtkKWFrame0.vtkKWFrameWithLabel2.vtkKWFrame1.vtkKWFrame1.vtkKWSimpleAnimationWidget0.vtkKWScaleWithEntrySet0.vtkKWScaleWithEntry0.vtkKWEntry2
:KWMedicalImageViewerExample.vtkKWMyWindow0.vtkKWFrame3.vtkKWSplitFrame0.vtkKWFrame0.vtkKWFrameWithLabel2.vtkKWFrame1.vtkKWFrame1.vtkKWSimpleAnimationWidget0.vtkKWScaleWithEntrySet0.vtkKWScaleWithEntry0.vtkKWScale1	KWMedicalImageViewerExample.vtkKWMyWindow0.vtkKWFrame3.vtkKWSplitFrame0.vtkKWFrame0.vtkKWFrameWithLabel2.vtkKWFrame1.vtkKWFrame1.vtkKWSimpleAnimationWidget0.vtkKWScaleWithEntrySet0.vtkKWScaleWithEntry0.vtkKWScale1
:KWMedicalImageViewerExample.vtkKWMyWindow0.vtkKWFrame3.vtkKWSplitFrame0.vtkKWFrame0.vtkKWFrameWithLabel2.vtkKWFrame1.vtkKWFrame1.vtkKWSimpleAnimationWidget0.vtkKWScaleWithEntrySet0.vtkKWScaleWithEntry10.vtkKWEntry2	KWMedicalImageViewerExample.vtkKWMyWindow0.vtkKWFrame3.vtkKWSplitFrame0.vtkKWFrame0.vtkKWFrameWithLabel2.vtkKWFrame1.vtkKWFrame1.vtkKWSimpleAnimationWidget0.vtkKWScaleWithEntrySet0.vtkKWScaleWithEntry10.vtkKWEntry2
:KWMedicalImageViewerExample.vtkKWMyWindow0.vtkKWFrame3.vtkKWSplitFrame0.vtkKWFrame0.vtkKWFrameWithLabel2.vtkKWFrame1.vtkKWFrame1.vtkKWSimpleAnimationWidget0.vtkKWScaleWithEntrySet0.vtkKWScaleWithEntry10.vtkKWScale1	KWMedicalImageViewerExample.vtkKWMyWindow0.vtkKWFrame3.vtkKWSplitFrame0.vtkKWFrame0.vtkKWFrameWithLabel2.vtkKWFrame1.vtkKWFrame1.vtkKWSimpleAnimationWidget0.vtkKWScaleWithEntrySet0.vtkKWScaleWithEntry10.vtkKWScale1
:KWMedicalImageViewerExample.vtkKWMyWindow0.vtkKWFrame3.vtkKWSplitFrame0.vtkKWFrame0.vtkKWMenuButtonWithSpinButtonsWithLabel0.vtkKWMenuButtonWithSpinButtons1.vtkKWMenuButton1.vtkKWMenu0	KWMedicalImageViewerExample.vtkKWMyWindow0.vtkKWFrame3.vtkKWSplitFrame0.vtkKWFrame0.vtkKWMenuButtonWithSpinButtonsWithLabel0.vtkKWMenuButtonWithSpinButtons1.vtkKWMenuButton1.vtkKWMenu0
:KWMedicalImageViewerExample.vtkKWMyWindow0.vtkKWFrame3.vtkKWSplitFrame0.vtkKWFrame0.vtkKWMenuButtonWithSpinButtonsWithLabel0.vtkKWMenuButtonWithSpinButtons1.vtkKWSpinButtons0.vtkKWPushButton0	KWMedicalImageViewerExample.vtkKWMyWindow0.vtkKWFrame3.vtkKWSplitFrame0.vtkKWFrame0.vtkKWMenuButtonWithSpinButtonsWithLabel0.vtkKWMenuButtonWithSpinButtons1.vtkKWSpinButtons0.vtkKWPushButton0
:KWMedicalImageViewerExample.vtkKWMyWindow0.vtkKWFrame3.vtkKWSplitFrame0.vtkKWFrame2.vtkKWSplitFrame0.vtkKWFrame2.vtkKWNotebook0.vtkKWFrame1.vtkKWFrame0.vtkKWRenderWidget0.vtkKWCoreWidget0	KWMedicalImageViewerExample.vtkKWMyWindow0.vtkKWFrame3.vtkKWSplitFrame0.vtkKWFrame2.vtkKWSplitFrame0.vtkKWFrame2.vtkKWNotebook0.vtkKWFrame1.vtkKWFrame0.vtkKWRenderWidget0.vtkKWCoreWidget0
:KWMedicalImageViewerExample.vtkKWMyWindow0.vtkKWFrame3.vtkKWSplitFrame0.vtkKWFrame2.vtkKWSplitFrame0.vtkKWFrame2.vtkKWScale1	KWMedicalImageViewerExample.vtkKWMyWindow0.vtkKWFrame3.vtkKWSplitFrame0.vtkKWFrame2.vtkKWSplitFrame0.vtkKWFrame2.vtkKWScale1
:KWMedicalImageViewerExample.vtkKWMyWindow0.vtkKWLoadSaveDialog8.vtkKWFileBrowserWidget0.vtkKWSplitFrame0.vtkKWFrame2.vtkKWSplitFrame0.vtkKWFrame0.vtkKWDirectoryExplorer0.vtkKWTreeWithScrollbars1.vtkKWScrollbar0	KWMedicalImageViewerExample.vtkKWMyWindow0.vtkKWLoadSaveDialog8.vtkKWFileBrowserWidget0.vtkKWSplitFrame0.vtkKWFrame2.vtkKWSplitFrame0.vtkKWFrame0.vtkKWDirectoryExplorer0.vtkKWTreeWithScrollbars1.vtkKWScrollbar0
:KWMedicalImageViewerExample.vtkKWMyWindow0.vtkKWLoadSaveDialog8.vtkKWFileBrowserWidget0.vtkKWSplitFrame0.vtkKWFrame2.vtkKWSplitFrame0.vtkKWFrame0.vtkKWDirectoryExplorer0.vtkKWTreeWithScrollbars1.vtkKWTree2.c	KWMedicalImageViewerExample.vtkKWMyWindow0.vtkKWLoadSaveDialog8.vtkKWFileBrowserWidget0.vtkKWSplitFrame0.vtkKWFrame2.vtkKWSplitFrame0.vtkKWFrame0.vtkKWDirectoryExplorer0.vtkKWTreeWithScrollbars1.vtkKWTree2.c
:KWMedicalImageViewerExample.vtkKWMyWindow0.vtkKWLoadSaveDialog8.vtkKWFrame1.vtkKWEntry2	KWMedicalImageViewerExample.vtkKWMyWindow0.vtkKWLoadSaveDialog8.vtkKWFrame1.vtkKWEntry2
:KWMedicalImageViewerExample.vtkKWMyWindow0.vtkKWLoadSaveDialog8.vtkKWFrame1.vtkKWPushButton4	KWMedicalImageViewerExample.vtkKWMyWindow0.vtkKWLoadSaveDialog8.vtkKWFrame1.vtkKWPushButton4
:KWMedicalImageViewerExample.vtkKWTopLevel1.vtkKWSplitFrame0.vtkKWFrame2.vtkKWFrameWithLabel1.vtkKWFrame1.vtkKWFrame1.vtkKWMenuButtonWithLabel4.vtkKWMenuButton1.vtkKWMenu0	KWMedicalImageViewerExample.vtkKWTopLevel1.vtkKWSplitFrame0.vtkKWFrame2.vtkKWFrameWithLabel1.vtkKWFrame1.vtkKWFrame1.vtkKWMenuButtonWithLabel4.vtkKWMenuButton1.vtkKWMenu0
:KWMedicalImageViewerExample.vtkKWTopLevel2	KWMedicalImageViewerExample.vtkKWTopLevel2
