:KWPolygonalObjectViewerExample.vtkKWTopLevel1.vtkKWSplitFrame0.vtkKWFrame2.vtkKWFrameWithLabel1.vtkKWFrame1.vtkKWFrame1.vtkKWMenuButtonWithLabel4.vtkKWMenuButton1.vtkKWMenu0	KWPolygonalObjectViewerExample.vtkKWTopLevel1.vtkKWSplitFrame0.vtkKWFrame2.vtkKWFrameWithLabel1.vtkKWFrame1.vtkKWFrame1.vtkKWMenuButtonWithLabel4.vtkKWMenuButton1.vtkKWMenu0
:KWPolygonalObjectViewerExample.vtkKWWindow0.vtkKWFrame3.vtkKWSplitFrame0.vtkKWFrame0.vtkKWSurfaceMaterialPropertyWidget0.vtkKWFrameWithLabel0.vtkKWFrame1.vtkKWFrame1.vtkKWFrame2.vtkKWLabelWithLabel0.vtkKWLabel1	KWPolygonalObjectViewerExample.vtkKWWindow0.vtkKWFrame3.vtkKWSplitFrame0.vtkKWFrame0.vtkKWSurfaceMaterialPropertyWidget0.vtkKWFrameWithLabel0.vtkKWFrame1.vtkKWFrame1.vtkKWFrame2.vtkKWLabelWithLabel0.vtkKWLabel1
:KWPolygonalObjectViewerExample.vtkKWWindow0.vtkKWFrame3.vtkKWSplitFrame0.vtkKWFrame0.vtkKWSurfaceMaterialPropertyWidget0.vtkKWFrameWithLabel0.vtkKWFrame1.vtkKWFrame1.vtkKWFrame2.vtkKWPushButtonSetWithLabel1.vtkKWPushButtonSet1.vtkKWPushButton1	KWPolygonalObjectViewerExample.vtkKWWindow0.vtkKWFrame3.vtkKWSplitFrame0.vtkKWFrame0.vtkKWSurfaceMaterialPropertyWidget0.vtkKWFrameWithLabel0.vtkKWFrame1.vtkKWFrame1.vtkKWFrame2.vtkKWPushButtonSetWithLabel1.vtkKWPushButtonSet1.vtkKWPushButton1
:KWPolygonalObjectViewerExample.vtkKWWindow0.vtkKWFrame3.vtkKWSplitFrame0.vtkKWFrame0.vtkKWSurfaceMaterialPropertyWidget0.vtkKWFrameWithLabel0.vtkKWFrame1.vtkKWFrame1.vtkKWFrame2.vtkKWPushButtonSetWithLabel1.vtkKWPushButtonSet1.vtkKWPushButton2	KWPolygonalObjectViewerExample.vtkKWWindow0.vtkKWFrame3.vtkKWSplitFrame0.vtkKWFrame0.vtkKWSurfaceMaterialPropertyWidget0.vtkKWFrameWithLabel0.vtkKWFrame1.vtkKWFrame1.vtkKWFrame2.vtkKWPushButtonSetWithLabel1.vtkKWPushButtonSet1.vtkKWPushButton2
:KWPolygonalObjectViewerExample.vtkKWWindow0.vtkKWFrame3.vtkKWSplitFrame0.vtkKWFrame0.vtkKWSurfaceMaterialPropertyWidget0.vtkKWFrameWithLabel0.vtkKWFrame1.vtkKWFrame1.vtkKWFrame2.vtkKWPushButtonSetWithLabel1.vtkKWPushButtonSet1.vtkKWPushButton3	KWPolygonalObjectViewerExample.vtkKWWindow0.vtkKWFrame3.vtkKWSplitFrame0.vtkKWFrame0.vtkKWSurfaceMaterialPropertyWidget0.vtkKWFrameWithLabel0.vtkKWFrame1.vtkKWFrame1.vtkKWFrame2.vtkKWPushButtonSetWithLabel1.vtkKWPushButtonSet1.vtkKWPushButton3
:KWPolygonalObjectViewerExample.vtkKWWindow0.vtkKWFrame3.vtkKWSplitFrame0.vtkKWFrame2.vtkKWSplitFrame0.vtkKWFrame2.vtkKWNotebook0.vtkKWFrame1.vtkKWFrame0.vtkKWRenderWidget0.vtkKWCoreWidget0	KWPolygonalObjectViewerExample.vtkKWWindow0.vtkKWFrame3.vtkKWSplitFrame0.vtkKWFrame2.vtkKWSplitFrame0.vtkKWFrame2.vtkKWNotebook0.vtkKWFrame1.vtkKWFrame0.vtkKWRenderWidget0.vtkKWCoreWidget0
