:KWHelloWorldExample.vtkKWMessageDialog1	KWHelloWorldExample.vtkKWMessageDialog1
:KWHelloWorldExample.vtkKWMessageDialog1.vtkKWFrame0.vtkKWFrame4.vtkKWFrame0.vtkKWPushButton0	KWHelloWorldExample.vtkKWMessageDialog1.vtkKWFrame0.vtkKWFrame4.vtkKWFrame0.vtkKWPushButton0
:KWHelloWorldExample.vtkKWMessageDialog2	KWHelloWorldExample.vtkKWMessageDialog2
:KWHelloWorldExample.vtkKWMessageDialog2.vtkKWFrame0.vtkKWCheckButton2	KWHelloWorldExample.vtkKWMessageDialog2.vtkKWFrame0.vtkKWCheckButton2
:KWHelloWorldExample.vtkKWMessageDialog2.vtkKWFrame0.vtkKWFrame4.vtkKWFrame0.vtkKWPushButton0	KWHelloWorldExample.vtkKWMessageDialog2.vtkKWFrame0.vtkKWFrame4.vtkKWFrame0.vtkKWPushButton0
:KWHelloWorldExample.vtkKWWindowBase0.#vtkKWWindowBase0#vtkKWMenu1	KWHelloWorldExample.vtkKWWindowBase0.#vtkKWWindowBase0#vtkKWMenu1
:KWHelloWorldExample.vtkKWWindowBase0.#vtkKWWindowBase0#vtkKWMenu1.#vtkKWWindowBase0#vtkKWMenu1#vtkKWMenu1	KWHelloWorldExample.vtkKWWindowBase0.#vtkKWWindowBase0#vtkKWMenu1.#vtkKWWindowBase0#vtkKWMenu1#vtkKWMenu1
