:KWWidgetsTourExample.vtkKWColorPickerDialog3.vtkKWColorPickerWidget0.vtkKWNotebook0.vtkKWFrame1.vtkKWFrame0.vtkKWColorSpectrumWidget0.vtkKWCanvas0	KWWidgetsTourExample.vtkKWColorPickerDialog3.vtkKWColorPickerWidget0.vtkKWNotebook0.vtkKWFrame1.vtkKWFrame0.vtkKWColorSpectrumWidget0.vtkKWCanvas0
:KWWidgetsTourExample.vtkKWColorPickerDialog3.vtkKWPushButton1	KWWidgetsTourExample.vtkKWColorPickerDialog3.vtkKWPushButton1
:KWWidgetsTourExample.vtkKWColorPickerDialog4.vtkKWColorPickerWidget0.vtkKWFrame1.vtkKWFrame1.vtkKWColorTransferFunctionEditor8.vtkKWCanvas1	KWWidgetsTourExample.vtkKWColorPickerDialog4.vtkKWColorPickerWidget0.vtkKWFrame1.vtkKWFrame1.vtkKWColorTransferFunctionEditor8.vtkKWCanvas1
:KWWidgetsTourExample.vtkKWColorPickerDialog4.vtkKWColorPickerWidget0.vtkKWFrame1.vtkKWFrame2.vtkKWColorTransferFunctionEditor6.vtkKWCanvas1	KWWidgetsTourExample.vtkKWColorPickerDialog4.vtkKWColorPickerWidget0.vtkKWFrame1.vtkKWFrame2.vtkKWColorTransferFunctionEditor6.vtkKWCanvas1
:KWWidgetsTourExample.vtkKWColorPickerDialog4.vtkKWColorPickerWidget0.vtkKWNotebook0.vtkKWFrame0.vtkKWFrame0.vtkKWLabel1	KWWidgetsTourExample.vtkKWColorPickerDialog4.vtkKWColorPickerWidget0.vtkKWNotebook0.vtkKWFrame0.vtkKWFrame0.vtkKWLabel1
:KWWidgetsTourExample.vtkKWColorPickerDialog4.vtkKWColorPickerWidget0.vtkKWNotebook0.vtkKWFrame0.vtkKWFrame2.vtkKWLabel1	KWWidgetsTourExample.vtkKWColorPickerDialog4.vtkKWColorPickerWidget0.vtkKWNotebook0.vtkKWFrame0.vtkKWFrame2.vtkKWLabel1
:KWWidgetsTourExample.vtkKWColorPickerDialog4.vtkKWColorPickerWidget0.vtkKWNotebook0.vtkKWFrame1.vtkKWFrame0.vtkKWColorSpectrumWidget0.vtkKWCanvas0	KWWidgetsTourExample.vtkKWColorPickerDialog4.vtkKWColorPickerWidget0.vtkKWNotebook0.vtkKWFrame1.vtkKWFrame0.vtkKWColorSpectrumWidget0.vtkKWCanvas0
:KWWidgetsTourExample.vtkKWColorPickerDialog4.vtkKWPushButton1	KWWidgetsTourExample.vtkKWColorPickerDialog4.vtkKWPushButton1
:KWWidgetsTourExample.vtkKWSplashScreen0	KWWidgetsTourExample.vtkKWSplashScreen0
:KWWidgetsTourExample.vtkKWWindow1.vtkKWFrame3.vtkKWSplitFrame0.vtkKWFrame2.vtkKWSplitFrame0.vtkKWFrame0.vtkKWNotebook0.vtkKWFrame1.vtkKWFrame0.vtkKWTreeWithScrollbars0.vtkKWScrollbar0	KWWidgetsTourExample.vtkKWWindow1.vtkKWFrame3.vtkKWSplitFrame0.vtkKWFrame2.vtkKWSplitFrame0.vtkKWFrame0.vtkKWNotebook0.vtkKWFrame1.vtkKWFrame0.vtkKWTreeWithScrollbars0.vtkKWScrollbar0
:KWWidgetsTourExample.vtkKWWindow1.vtkKWFrame3.vtkKWSplitFrame0.vtkKWFrame2.vtkKWSplitFrame0.vtkKWFrame0.vtkKWNotebook0.vtkKWFrame1.vtkKWFrame0.vtkKWTreeWithScrollbars0.vtkKWTree2.c	KWWidgetsTourExample.vtkKWWindow1.vtkKWFrame3.vtkKWSplitFrame0.vtkKWFrame2.vtkKWSplitFrame0.vtkKWFrame0.vtkKWNotebook0.vtkKWFrame1.vtkKWFrame0.vtkKWTreeWithScrollbars0.vtkKWTree2.c
:KWWidgetsTourExample.vtkKWWindow1.vtkKWFrame3.vtkKWSplitFrame0.vtkKWFrame2.vtkKWSplitFrame0.vtkKWFrame2.vtkKWNotebook0.vtkKWFrame1.vtkKWFrame1	KWWidgetsTourExample.vtkKWWindow1.vtkKWFrame3.vtkKWSplitFrame0.vtkKWFrame2.vtkKWSplitFrame0.vtkKWFrame2.vtkKWNotebook0.vtkKWFrame1.vtkKWFrame1
:KWWidgetsTourExample.vtkKWWindow1.vtkKWFrame3.vtkKWSplitFrame0.vtkKWFrame2.vtkKWSplitFrame0.vtkKWFrame2.vtkKWNotebook0.vtkKWFrame1.vtkKWFrame1.vtkKWCanvas0	KWWidgetsTourExample.vtkKWWindow1.vtkKWFrame3.vtkKWSplitFrame0.vtkKWFrame2.vtkKWSplitFrame0.vtkKWFrame2.vtkKWNotebook0.vtkKWFrame1.vtkKWFrame1.vtkKWCanvas0
:KWWidgetsTourExample.vtkKWWindow1.vtkKWFrame3.vtkKWSplitFrame0.vtkKWFrame2.vtkKWSplitFrame0.vtkKWFrame2.vtkKWNotebook0.vtkKWFrame1.vtkKWFrame1.vtkKWChangeColorButton2.vtkKWFrame0.vtkKWLabel0	KWWidgetsTourExample.vtkKWWindow1.vtkKWFrame3.vtkKWSplitFrame0.vtkKWFrame2.vtkKWSplitFrame0.vtkKWFrame2.vtkKWNotebook0.vtkKWFrame1.vtkKWFrame1.vtkKWChangeColorButton2.vtkKWFrame0.vtkKWLabel0
:KWWidgetsTourExample.vtkKWWindow1.vtkKWFrame3.vtkKWSplitFrame0.vtkKWFrame2.vtkKWSplitFrame0.vtkKWFrame2.vtkKWNotebook0.vtkKWFrame1.vtkKWFrame1.vtkKWCheckButtonWithChangeColorButton1.vtkKWChangeColorButton1.vtkKWFrame0.vtkKWLabel0	KWWidgetsTourExample.vtkKWWindow1.vtkKWFrame3.vtkKWSplitFrame0.vtkKWFrame2.vtkKWSplitFrame0.vtkKWFrame2.vtkKWNotebook0.vtkKWFrame1.vtkKWFrame1.vtkKWCheckButtonWithChangeColorButton1.vtkKWChangeColorButton1.vtkKWFrame0.vtkKWLabel0
:KWWidgetsTourExample.vtkKWWindow1.vtkKWFrame3.vtkKWSplitFrame0.vtkKWFrame2.vtkKWSplitFrame0.vtkKWFrame2.vtkKWNotebook0.vtkKWFrame1.vtkKWFrame1.vtkKWCheckButtonWithChangeColorButton1.vtkKWCheckButton0	KWWidgetsTourExample.vtkKWWindow1.vtkKWFrame3.vtkKWSplitFrame0.vtkKWFrame2.vtkKWSplitFrame0.vtkKWFrame2.vtkKWNotebook0.vtkKWFrame1.vtkKWFrame1.vtkKWCheckButtonWithChangeColorButton1.vtkKWCheckButton0
:KWWidgetsTourExample.vtkKWWindow1.vtkKWFrame3.vtkKWSplitFrame0.vtkKWFrame2.vtkKWSplitFrame0.vtkKWFrame2.vtkKWNotebook0.vtkKWFrame1.vtkKWFrame1.vtkKWColorPickerWidget0.vtkKWNotebook0.vtkKWFrame1.vtkKWFrame0.vtkKWColorSpectrumWidget0.vtkKWCanvas0	KWWidgetsTourExample.vtkKWWindow1.vtkKWFrame3.vtkKWSplitFrame0.vtkKWFrame2.vtkKWSplitFrame0.vtkKWFrame2.vtkKWNotebook0.vtkKWFrame1.vtkKWFrame1.vtkKWColorPickerWidget0.vtkKWNotebook0.vtkKWFrame1.vtkKWFrame0.vtkKWColorSpectrumWidget0.vtkKWCanvas0
:KWWidgetsTourExample.vtkKWWindow1.vtkKWFrame3.vtkKWSplitFrame0.vtkKWFrame2.vtkKWSplitFrame0.vtkKWFrame2.vtkKWNotebook0.vtkKWFrame1.vtkKWFrame1.vtkKWColorTransferFunctionEditor0.vtkKWCanvas2	KWWidgetsTourExample.vtkKWWindow1.vtkKWFrame3.vtkKWSplitFrame0.vtkKWFrame2.vtkKWSplitFrame0.vtkKWFrame2.vtkKWNotebook0.vtkKWFrame1.vtkKWFrame1.vtkKWColorTransferFunctionEditor0.vtkKWCanvas2
:KWWidgetsTourExample.vtkKWWindow1.vtkKWFrame3.vtkKWSplitFrame0.vtkKWFrame2.vtkKWSplitFrame0.vtkKWFrame2.vtkKWNotebook0.vtkKWFrame1.vtkKWFrame1.vtkKWColorTransferFunctionEditor1.vtkKWCanvas2	KWWidgetsTourExample.vtkKWWindow1.vtkKWFrame3.vtkKWSplitFrame0.vtkKWFrame2.vtkKWSplitFrame0.vtkKWFrame2.vtkKWNotebook0.vtkKWFrame1.vtkKWFrame1.vtkKWColorTransferFunctionEditor1.vtkKWCanvas2
:KWWidgetsTourExample.vtkKWWindow1.vtkKWFrame3.vtkKWSplitFrame0.vtkKWFrame2.vtkKWSplitFrame0.vtkKWFrame2.vtkKWNotebook0.vtkKWFrame1.vtkKWFrame1.vtkKWComboBox0.a.c	KWWidgetsTourExample.vtkKWWindow1.vtkKWFrame3.vtkKWSplitFrame0.vtkKWFrame2.vtkKWSplitFrame0.vtkKWFrame2.vtkKWNotebook0.vtkKWFrame1.vtkKWFrame1.vtkKWComboBox0.a.c
:KWWidgetsTourExample.vtkKWWindow1.vtkKWFrame3.vtkKWSplitFrame0.vtkKWFrame2.vtkKWSplitFrame0.vtkKWFrame2.vtkKWNotebook0.vtkKWFrame1.vtkKWFrame1.vtkKWComboBox0.shell.listb	KWWidgetsTourExample.vtkKWWindow1.vtkKWFrame3.vtkKWSplitFrame0.vtkKWFrame2.vtkKWSplitFrame0.vtkKWFrame2.vtkKWNotebook0.vtkKWFrame1.vtkKWFrame1.vtkKWComboBox0.shell.listb
:KWWidgetsTourExample.vtkKWWindow1.vtkKWFrame3.vtkKWSplitFrame0.vtkKWFrame2.vtkKWSplitFrame0.vtkKWFrame2.vtkKWNotebook0.vtkKWFrame1.vtkKWFrame1.vtkKWEntry0	KWWidgetsTourExample.vtkKWWindow1.vtkKWFrame3.vtkKWSplitFrame0.vtkKWFrame2.vtkKWSplitFrame0.vtkKWFrame2.vtkKWNotebook0.vtkKWFrame1.vtkKWFrame1.vtkKWEntry0
:KWWidgetsTourExample.vtkKWWindow1.vtkKWFrame3.vtkKWSplitFrame0.vtkKWFrame2.vtkKWSplitFrame0.vtkKWFrame2.vtkKWNotebook0.vtkKWFrame1.vtkKWFrame1.vtkKWEntry2	KWWidgetsTourExample.vtkKWWindow1.vtkKWFrame3.vtkKWSplitFrame0.vtkKWFrame2.vtkKWSplitFrame0.vtkKWFrame2.vtkKWNotebook0.vtkKWFrame1.vtkKWFrame1.vtkKWEntry2
:KWWidgetsTourExample.vtkKWWindow1.vtkKWFrame3.vtkKWSplitFrame0.vtkKWFrame2.vtkKWSplitFrame0.vtkKWFrame2.vtkKWNotebook0.vtkKWFrame1.vtkKWFrame1.vtkKWEntrySet4.vtkKWEntry0	KWWidgetsTourExample.vtkKWWindow1.vtkKWFrame3.vtkKWSplitFrame0.vtkKWFrame2.vtkKWSplitFrame0.vtkKWFrame2.vtkKWNotebook0.vtkKWFrame1.vtkKWFrame1.vtkKWEntrySet4.vtkKWEntry0
:KWWidgetsTourExample.vtkKWWindow1.vtkKWFrame3.vtkKWSplitFrame0.vtkKWFrame2.vtkKWSplitFrame0.vtkKWFrame2.vtkKWNotebook0.vtkKWFrame1.vtkKWFrame1.vtkKWEntrySet4.vtkKWEntry2	KWWidgetsTourExample.vtkKWWindow1.vtkKWFrame3.vtkKWSplitFrame0.vtkKWFrame2.vtkKWSplitFrame0.vtkKWFrame2.vtkKWNotebook0.vtkKWFrame1.vtkKWFrame1.vtkKWEntrySet4.vtkKWEntry2
:KWWidgetsTourExample.vtkKWWindow1.vtkKWFrame3.vtkKWSplitFrame0.vtkKWFrame2.vtkKWSplitFrame0.vtkKWFrame2.vtkKWNotebook0.vtkKWFrame1.vtkKWFrame1.vtkKWEntryWithLabel3.vtkKWEntry1	KWWidgetsTourExample.vtkKWWindow1.vtkKWFrame3.vtkKWSplitFrame0.vtkKWFrame2.vtkKWSplitFrame0.vtkKWFrame2.vtkKWNotebook0.vtkKWFrame1.vtkKWFrame1.vtkKWEntryWithLabel3.vtkKWEntry1
:KWWidgetsTourExample.vtkKWWindow1.vtkKWFrame3.vtkKWSplitFrame0.vtkKWFrame2.vtkKWSplitFrame0.vtkKWFrame2.vtkKWNotebook0.vtkKWFrame1.vtkKWFrame1.vtkKWMenuButton0.vtkKWMenu0	KWWidgetsTourExample.vtkKWWindow1.vtkKWFrame3.vtkKWSplitFrame0.vtkKWFrame2.vtkKWSplitFrame0.vtkKWFrame2.vtkKWNotebook0.vtkKWFrame1.vtkKWFrame1.vtkKWMenuButton0.vtkKWMenu0
:KWWidgetsTourExample.vtkKWWindow1.vtkKWFrame3.vtkKWSplitFrame0.vtkKWFrame2.vtkKWSplitFrame0.vtkKWFrame2.vtkKWNotebook0.vtkKWFrame1.vtkKWFrame1.vtkKWMenuButtonWithLabel2	KWWidgetsTourExample.vtkKWWindow1.vtkKWFrame3.vtkKWSplitFrame0.vtkKWFrame2.vtkKWSplitFrame0.vtkKWFrame2.vtkKWNotebook0.vtkKWFrame1.vtkKWFrame1.vtkKWMenuButtonWithLabel2
:KWWidgetsTourExample.vtkKWWindow1.vtkKWFrame3.vtkKWSplitFrame0.vtkKWFrame2.vtkKWSplitFrame0.vtkKWFrame2.vtkKWNotebook0.vtkKWFrame1.vtkKWFrame1.vtkKWMenuButtonWithLabel2.vtkKWMenuButton1	KWWidgetsTourExample.vtkKWWindow1.vtkKWFrame3.vtkKWSplitFrame0.vtkKWFrame2.vtkKWSplitFrame0.vtkKWFrame2.vtkKWNotebook0.vtkKWFrame1.vtkKWFrame1.vtkKWMenuButtonWithLabel2.vtkKWMenuButton1
:KWWidgetsTourExample.vtkKWWindow1.vtkKWFrame3.vtkKWSplitFrame0.vtkKWFrame2.vtkKWSplitFrame0.vtkKWFrame2.vtkKWNotebook0.vtkKWFrame1.vtkKWFrame1.vtkKWMenuButtonWithLabel2.vtkKWMenuButton1.vtkKWMenu0	KWWidgetsTourExample.vtkKWWindow1.vtkKWFrame3.vtkKWSplitFrame0.vtkKWFrame2.vtkKWSplitFrame0.vtkKWFrame2.vtkKWNotebook0.vtkKWFrame1.vtkKWFrame1.vtkKWMenuButtonWithLabel2.vtkKWMenuButton1.vtkKWMenu0
:KWWidgetsTourExample.vtkKWWindow1.vtkKWFrame3.vtkKWSplitFrame0.vtkKWFrame2.vtkKWSplitFrame0.vtkKWFrame2.vtkKWNotebook0.vtkKWFrame1.vtkKWFrame1.vtkKWMenuButtonWithSpinButtons1.vtkKWMenuButton1.vtkKWMenu0	KWWidgetsTourExample.vtkKWWindow1.vtkKWFrame3.vtkKWSplitFrame0.vtkKWFrame2.vtkKWSplitFrame0.vtkKWFrame2.vtkKWNotebook0.vtkKWFrame1.vtkKWFrame1.vtkKWMenuButtonWithSpinButtons1.vtkKWMenuButton1.vtkKWMenu0
:KWWidgetsTourExample.vtkKWWindow1.vtkKWFrame3.vtkKWSplitFrame0.vtkKWFrame2.vtkKWSplitFrame0.vtkKWFrame2.vtkKWNotebook0.vtkKWFrame1.vtkKWFrame1.vtkKWMenuButtonWithSpinButtons1.vtkKWSpinButtons0.vtkKWPushButton0	KWWidgetsTourExample.vtkKWWindow1.vtkKWFrame3.vtkKWSplitFrame0.vtkKWFrame2.vtkKWSplitFrame0.vtkKWFrame2.vtkKWNotebook0.vtkKWFrame1.vtkKWFrame1.vtkKWMenuButtonWithSpinButtons1.vtkKWSpinButtons0.vtkKWPushButton0
:KWWidgetsTourExample.vtkKWWindow1.vtkKWFrame3.vtkKWSplitFrame0.vtkKWFrame2.vtkKWSplitFrame0.vtkKWFrame2.vtkKWNotebook0.vtkKWFrame1.vtkKWFrame1.vtkKWMultiColumnList0.body.fk0,4.w	KWWidgetsTourExample.vtkKWWindow1.vtkKWFrame3.vtkKWSplitFrame0.vtkKWFrame2.vtkKWSplitFrame0.vtkKWFrame2.vtkKWNotebook0.vtkKWFrame1.vtkKWFrame1.vtkKWMultiColumnList0.body.fk0,4.w
:KWWidgetsTourExample.vtkKWWindow1.vtkKWFrame3.vtkKWSplitFrame0.vtkKWFrame2.vtkKWSplitFrame0.vtkKWFrame2.vtkKWNotebook0.vtkKWFrame1.vtkKWFrame1.vtkKWMultiColumnList0.body.fk0,5.w	KWWidgetsTourExample.vtkKWWindow1.vtkKWFrame3.vtkKWSplitFrame0.vtkKWFrame2.vtkKWSplitFrame0.vtkKWFrame2.vtkKWNotebook0.vtkKWFrame1.vtkKWFrame1.vtkKWMultiColumnList0.body.fk0,5.w
:KWWidgetsTourExample.vtkKWWindow1.vtkKWFrame3.vtkKWSplitFrame0.vtkKWFrame2.vtkKWSplitFrame0.vtkKWFrame2.vtkKWNotebook0.vtkKWFrame1.vtkKWFrame1.vtkKWMultiColumnList0.body.fk3,4.w	KWWidgetsTourExample.vtkKWWindow1.vtkKWFrame3.vtkKWSplitFrame0.vtkKWFrame2.vtkKWSplitFrame0.vtkKWFrame2.vtkKWNotebook0.vtkKWFrame1.vtkKWFrame1.vtkKWMultiColumnList0.body.fk3,4.w
:KWWidgetsTourExample.vtkKWWindow1.vtkKWFrame3.vtkKWSplitFrame0.vtkKWFrame2.vtkKWSplitFrame0.vtkKWFrame2.vtkKWNotebook0.vtkKWFrame1.vtkKWFrame1.vtkKWRadioButton5	KWWidgetsTourExample.vtkKWWindow1.vtkKWFrame3.vtkKWSplitFrame0.vtkKWFrame2.vtkKWSplitFrame0.vtkKWFrame2.vtkKWNotebook0.vtkKWFrame1.vtkKWFrame1.vtkKWRadioButton5
:KWWidgetsTourExample.vtkKWWindow1.vtkKWFrame3.vtkKWSplitFrame0.vtkKWFrame2.vtkKWSplitFrame0.vtkKWFrame2.vtkKWNotebook0.vtkKWFrame1.vtkKWFrame1.vtkKWRadioButtonSet6.vtkKWRadioButton1	KWWidgetsTourExample.vtkKWWindow1.vtkKWFrame3.vtkKWSplitFrame0.vtkKWFrame2.vtkKWSplitFrame0.vtkKWFrame2.vtkKWNotebook0.vtkKWFrame1.vtkKWFrame1.vtkKWRadioButtonSet6.vtkKWRadioButton1
:KWWidgetsTourExample.vtkKWWindow1.vtkKWFrame3.vtkKWSplitFrame0.vtkKWFrame2.vtkKWSplitFrame0.vtkKWFrame2.vtkKWNotebook0.vtkKWFrame1.vtkKWFrame1.vtkKWRadioButtonSet6.vtkKWRadioButton2	KWWidgetsTourExample.vtkKWWindow1.vtkKWFrame3.vtkKWSplitFrame0.vtkKWFrame2.vtkKWSplitFrame0.vtkKWFrame2.vtkKWNotebook0.vtkKWFrame1.vtkKWFrame1.vtkKWRadioButtonSet6.vtkKWRadioButton2
:KWWidgetsTourExample.vtkKWWindow1.vtkKWFrame3.vtkKWSplitFrame0.vtkKWFrame2.vtkKWSplitFrame0.vtkKWFrame2.vtkKWNotebook0.vtkKWFrame1.vtkKWFrame10.vtkKWPushButtonWithMenu4.vtkKWMenuButton1	KWWidgetsTourExample.vtkKWWindow1.vtkKWFrame3.vtkKWSplitFrame0.vtkKWFrame2.vtkKWSplitFrame0.vtkKWFrame2.vtkKWNotebook0.vtkKWFrame1.vtkKWFrame10.vtkKWPushButtonWithMenu4.vtkKWMenuButton1
:KWWidgetsTourExample.vtkKWWindow1.vtkKWFrame3.vtkKWSplitFrame0.vtkKWFrame2.vtkKWSplitFrame0.vtkKWFrame2.vtkKWNotebook0.vtkKWFrame1.vtkKWFrame10.vtkKWPushButtonWithMenu4.vtkKWMenuButton1.vtkKWMenu0	KWWidgetsTourExample.vtkKWWindow1.vtkKWFrame3.vtkKWSplitFrame0.vtkKWFrame2.vtkKWSplitFrame0.vtkKWFrame2.vtkKWNotebook0.vtkKWFrame1.vtkKWFrame10.vtkKWPushButtonWithMenu4.vtkKWMenuButton1.vtkKWMenu0
:KWWidgetsTourExample.vtkKWWindow1.vtkKWFrame3.vtkKWSplitFrame0.vtkKWFrame2.vtkKWSplitFrame0.vtkKWFrame2.vtkKWNotebook0.vtkKWFrame1.vtkKWFrame10.vtkKWPushButtonWithMenu4.vtkKWPushButton0	KWWidgetsTourExample.vtkKWWindow1.vtkKWFrame3.vtkKWSplitFrame0.vtkKWFrame2.vtkKWSplitFrame0.vtkKWFrame2.vtkKWNotebook0.vtkKWFrame1.vtkKWFrame10.vtkKWPushButtonWithMenu4.vtkKWPushButton0
:KWWidgetsTourExample.vtkKWWindow1.vtkKWFrame3.vtkKWSplitFrame0.vtkKWFrame2.vtkKWSplitFrame0.vtkKWFrame2.vtkKWNotebook0.vtkKWFrame1.vtkKWFrame10.vtkKWTreeWithScrollbars0.vtkKWTree2.c	KWWidgetsTourExample.vtkKWWindow1.vtkKWFrame3.vtkKWSplitFrame0.vtkKWFrame2.vtkKWSplitFrame0.vtkKWFrame2.vtkKWNotebook0.vtkKWFrame1.vtkKWFrame10.vtkKWTreeWithScrollbars0.vtkKWTree2.c
:KWWidgetsTourExample.vtkKWWindow1.vtkKWFrame3.vtkKWSplitFrame0.vtkKWFrame2.vtkKWSplitFrame0.vtkKWFrame2.vtkKWNotebook0.vtkKWFrame1.vtkKWFrame11.vtkKWMultiColumnList0.body	KWWidgetsTourExample.vtkKWWindow1.vtkKWFrame3.vtkKWSplitFrame0.vtkKWFrame2.vtkKWSplitFrame0.vtkKWFrame2.vtkKWNotebook0.vtkKWFrame1.vtkKWFrame11.vtkKWMultiColumnList0.body
:KWWidgetsTourExample.vtkKWWindow1.vtkKWFrame3.vtkKWSplitFrame0.vtkKWFrame2.vtkKWSplitFrame0.vtkKWFrame2.vtkKWNotebook0.vtkKWFrame1.vtkKWFrame11.vtkKWMultiColumnList0.body.f.e	KWWidgetsTourExample.vtkKWWindow1.vtkKWFrame3.vtkKWSplitFrame0.vtkKWFrame2.vtkKWSplitFrame0.vtkKWFrame2.vtkKWNotebook0.vtkKWFrame1.vtkKWFrame11.vtkKWMultiColumnList0.body.f.e
:KWWidgetsTourExample.vtkKWWindow1.vtkKWFrame3.vtkKWSplitFrame0.vtkKWFrame2.vtkKWSplitFrame0.vtkKWFrame2.vtkKWNotebook0.vtkKWFrame1.vtkKWFrame11.vtkKWMultiColumnList0.body.fk0,2.w.a.c	KWWidgetsTourExample.vtkKWWindow1.vtkKWFrame3.vtkKWSplitFrame0.vtkKWFrame2.vtkKWSplitFrame0.vtkKWFrame2.vtkKWNotebook0.vtkKWFrame1.vtkKWFrame11.vtkKWMultiColumnList0.body.fk0,2.w.a.c
:KWWidgetsTourExample.vtkKWWindow1.vtkKWFrame3.vtkKWSplitFrame0.vtkKWFrame2.vtkKWSplitFrame0.vtkKWFrame2.vtkKWNotebook0.vtkKWFrame1.vtkKWFrame11.vtkKWMultiColumnList0.body.fk0,2.w.shell.listb	KWWidgetsTourExample.vtkKWWindow1.vtkKWFrame3.vtkKWSplitFrame0.vtkKWFrame2.vtkKWSplitFrame0.vtkKWFrame2.vtkKWNotebook0.vtkKWFrame1.vtkKWFrame11.vtkKWMultiColumnList0.body.fk0,2.w.shell.listb
:KWWidgetsTourExample.vtkKWWindow1.vtkKWFrame3.vtkKWSplitFrame0.vtkKWFrame2.vtkKWSplitFrame0.vtkKWFrame2.vtkKWNotebook0.vtkKWFrame1.vtkKWFrame11.vtkKWMultiColumnList0.body.fk1,5.w	KWWidgetsTourExample.vtkKWWindow1.vtkKWFrame3.vtkKWSplitFrame0.vtkKWFrame2.vtkKWSplitFrame0.vtkKWFrame2.vtkKWNotebook0.vtkKWFrame1.vtkKWFrame11.vtkKWMultiColumnList0.body.fk1,5.w
:KWWidgetsTourExample.vtkKWWindow1.vtkKWFrame3.vtkKWSplitFrame0.vtkKWFrame2.vtkKWSplitFrame0.vtkKWFrame2.vtkKWNotebook0.vtkKWFrame1.vtkKWFrame11.vtkKWMultiColumnList0.body.fk2,5.w	KWWidgetsTourExample.vtkKWWindow1.vtkKWFrame3.vtkKWSplitFrame0.vtkKWFrame2.vtkKWSplitFrame0.vtkKWFrame2.vtkKWNotebook0.vtkKWFrame1.vtkKWFrame11.vtkKWMultiColumnList0.body.fk2,5.w
:KWWidgetsTourExample.vtkKWWindow1.vtkKWFrame3.vtkKWSplitFrame0.vtkKWFrame2.vtkKWSplitFrame0.vtkKWFrame2.vtkKWNotebook0.vtkKWFrame1.vtkKWFrame11.vtkKWMultiColumnList0.body.fk3,2.w.a.c	KWWidgetsTourExample.vtkKWWindow1.vtkKWFrame3.vtkKWSplitFrame0.vtkKWFrame2.vtkKWSplitFrame0.vtkKWFrame2.vtkKWNotebook0.vtkKWFrame1.vtkKWFrame11.vtkKWMultiColumnList0.body.fk3,2.w.a.c
:KWWidgetsTourExample.vtkKWWindow1.vtkKWFrame3.vtkKWSplitFrame0.vtkKWFrame2.vtkKWSplitFrame0.vtkKWFrame2.vtkKWNotebook0.vtkKWFrame1.vtkKWFrame11.vtkKWMultiColumnList0.body.fk3,2.w.shell.listb	KWWidgetsTourExample.vtkKWWindow1.vtkKWFrame3.vtkKWSplitFrame0.vtkKWFrame2.vtkKWSplitFrame0.vtkKWFrame2.vtkKWNotebook0.vtkKWFrame1.vtkKWFrame11.vtkKWMultiColumnList0.body.fk3,2.w.shell.listb
:KWWidgetsTourExample.vtkKWWindow1.vtkKWFrame3.vtkKWSplitFrame0.vtkKWFrame2.vtkKWSplitFrame0.vtkKWFrame2.vtkKWNotebook0.vtkKWFrame1.vtkKWFrame11.vtkKWMultiColumnList0.body.fk3,4.w	KWWidgetsTourExample.vtkKWWindow1.vtkKWFrame3.vtkKWSplitFrame0.vtkKWFrame2.vtkKWSplitFrame0.vtkKWFrame2.vtkKWNotebook0.vtkKWFrame1.vtkKWFrame11.vtkKWMultiColumnList0.body.fk3,4.w
:KWWidgetsTourExample.vtkKWWindow1.vtkKWFrame3.vtkKWSplitFrame0.vtkKWFrame2.vtkKWSplitFrame0.vtkKWFrame2.vtkKWNotebook0.vtkKWFrame1.vtkKWFrame11.vtkKWRadioButton5	KWWidgetsTourExample.vtkKWWindow1.vtkKWFrame3.vtkKWSplitFrame0.vtkKWFrame2.vtkKWSplitFrame0.vtkKWFrame2.vtkKWNotebook0.vtkKWFrame1.vtkKWFrame11.vtkKWRadioButton5
:KWWidgetsTourExample.vtkKWWindow1.vtkKWFrame3.vtkKWSplitFrame0.vtkKWFrame2.vtkKWSplitFrame0.vtkKWFrame2.vtkKWNotebook0.vtkKWFrame1.vtkKWFrame12	KWWidgetsTourExample.vtkKWWindow1.vtkKWFrame3.vtkKWSplitFrame0.vtkKWFrame2.vtkKWSplitFrame0.vtkKWFrame2.vtkKWNotebook0.vtkKWFrame1.vtkKWFrame12
:KWWidgetsTourExample.vtkKWWindow1.vtkKWFrame3.vtkKWSplitFrame0.vtkKWFrame2.vtkKWSplitFrame0.vtkKWFrame2.vtkKWNotebook0.vtkKWFrame1.vtkKWFrame12.vtkKWPushButton0	KWWidgetsTourExample.vtkKWWindow1.vtkKWFrame3.vtkKWSplitFrame0.vtkKWFrame2.vtkKWSplitFrame0.vtkKWFrame2.vtkKWNotebook0.vtkKWFrame1.vtkKWFrame12.vtkKWPushButton0
:KWWidgetsTourExample.vtkKWWindow1.vtkKWFrame3.vtkKWSplitFrame0.vtkKWFrame2.vtkKWSplitFrame0.vtkKWFrame2.vtkKWNotebook0.vtkKWFrame1.vtkKWFrame12.vtkKWPushButton1	KWWidgetsTourExample.vtkKWWindow1.vtkKWFrame3.vtkKWSplitFrame0.vtkKWFrame2.vtkKWSplitFrame0.vtkKWFrame2.vtkKWNotebook0.vtkKWFrame1.vtkKWFrame12.vtkKWPushButton1
:KWWidgetsTourExample.vtkKWWindow1.vtkKWFrame3.vtkKWSplitFrame0.vtkKWFrame2.vtkKWSplitFrame0.vtkKWFrame2.vtkKWNotebook0.vtkKWFrame1.vtkKWFrame12.vtkKWPushButtonSet5.vtkKWPushButton1	KWWidgetsTourExample.vtkKWWindow1.vtkKWFrame3.vtkKWSplitFrame0.vtkKWFrame2.vtkKWSplitFrame0.vtkKWFrame2.vtkKWNotebook0.vtkKWFrame1.vtkKWFrame12.vtkKWPushButtonSet5.vtkKWPushButton1
:KWWidgetsTourExample.vtkKWWindow1.vtkKWFrame3.vtkKWSplitFrame0.vtkKWFrame2.vtkKWSplitFrame0.vtkKWFrame2.vtkKWNotebook0.vtkKWFrame1.vtkKWFrame12.vtkKWPushButtonSet5.vtkKWPushButton4	KWWidgetsTourExample.vtkKWWindow1.vtkKWFrame3.vtkKWSplitFrame0.vtkKWFrame2.vtkKWSplitFrame0.vtkKWFrame2.vtkKWNotebook0.vtkKWFrame1.vtkKWFrame12.vtkKWPushButtonSet5.vtkKWPushButton4
:KWWidgetsTourExample.vtkKWWindow1.vtkKWFrame3.vtkKWSplitFrame0.vtkKWFrame2.vtkKWSplitFrame0.vtkKWFrame2.vtkKWNotebook0.vtkKWFrame1.vtkKWFrame12.vtkKWPushButtonWithMenu4.vtkKWMenuButton1.vtkKWMenu0	KWWidgetsTourExample.vtkKWWindow1.vtkKWFrame3.vtkKWSplitFrame0.vtkKWFrame2.vtkKWSplitFrame0.vtkKWFrame2.vtkKWNotebook0.vtkKWFrame1.vtkKWFrame12.vtkKWPushButtonWithMenu4.vtkKWMenuButton1.vtkKWMenu0
:KWWidgetsTourExample.vtkKWWindow1.vtkKWFrame3.vtkKWSplitFrame0.vtkKWFrame2.vtkKWSplitFrame0.vtkKWFrame2.vtkKWNotebook0.vtkKWFrame1.vtkKWFrame12.vtkKWPushButtonWithMenu4.vtkKWPushButton0	KWWidgetsTourExample.vtkKWWindow1.vtkKWFrame3.vtkKWSplitFrame0.vtkKWFrame2.vtkKWSplitFrame0.vtkKWFrame2.vtkKWNotebook0.vtkKWFrame1.vtkKWFrame12.vtkKWPushButtonWithMenu4.vtkKWPushButton0
:KWWidgetsTourExample.vtkKWWindow1.vtkKWFrame3.vtkKWSplitFrame0.vtkKWFrame2.vtkKWSplitFrame0.vtkKWFrame2.vtkKWNotebook0.vtkKWFrame1.vtkKWFrame12.vtkKWScaleSet4.vtkKWScale0	KWWidgetsTourExample.vtkKWWindow1.vtkKWFrame3.vtkKWSplitFrame0.vtkKWFrame2.vtkKWSplitFrame0.vtkKWFrame2.vtkKWNotebook0.vtkKWFrame1.vtkKWFrame12.vtkKWScaleSet4.vtkKWScale0
:KWWidgetsTourExample.vtkKWWindow1.vtkKWFrame3.vtkKWSplitFrame0.vtkKWFrame2.vtkKWSplitFrame0.vtkKWFrame2.vtkKWNotebook0.vtkKWFrame1.vtkKWFrame12.vtkKWScaleSet4.vtkKWScale1	KWWidgetsTourExample.vtkKWWindow1.vtkKWFrame3.vtkKWSplitFrame0.vtkKWFrame2.vtkKWSplitFrame0.vtkKWFrame2.vtkKWNotebook0.vtkKWFrame1.vtkKWFrame12.vtkKWScaleSet4.vtkKWScale1
:KWWidgetsTourExample.vtkKWWindow1.vtkKWFrame3.vtkKWSplitFrame0.vtkKWFrame2.vtkKWSplitFrame0.vtkKWFrame2.vtkKWNotebook0.vtkKWFrame1.vtkKWFrame13.vtkKWRadioButton1	KWWidgetsTourExample.vtkKWWindow1.vtkKWFrame3.vtkKWSplitFrame0.vtkKWFrame2.vtkKWSplitFrame0.vtkKWFrame2.vtkKWNotebook0.vtkKWFrame1.vtkKWFrame13.vtkKWRadioButton1
:KWWidgetsTourExample.vtkKWWindow1.vtkKWFrame3.vtkKWSplitFrame0.vtkKWFrame2.vtkKWSplitFrame0.vtkKWFrame2.vtkKWNotebook0.vtkKWFrame1.vtkKWFrame13.vtkKWRadioButton3	KWWidgetsTourExample.vtkKWWindow1.vtkKWFrame3.vtkKWSplitFrame0.vtkKWFrame2.vtkKWSplitFrame0.vtkKWFrame2.vtkKWNotebook0.vtkKWFrame1.vtkKWFrame13.vtkKWRadioButton3
:KWWidgetsTourExample.vtkKWWindow1.vtkKWFrame3.vtkKWSplitFrame0.vtkKWFrame2.vtkKWSplitFrame0.vtkKWFrame2.vtkKWNotebook0.vtkKWFrame1.vtkKWFrame13.vtkKWRadioButton5	KWWidgetsTourExample.vtkKWWindow1.vtkKWFrame3.vtkKWSplitFrame0.vtkKWFrame2.vtkKWSplitFrame0.vtkKWFrame2.vtkKWNotebook0.vtkKWFrame1.vtkKWFrame13.vtkKWRadioButton5
:KWWidgetsTourExample.vtkKWWindow1.vtkKWFrame3.vtkKWSplitFrame0.vtkKWFrame2.vtkKWSplitFrame0.vtkKWFrame2.vtkKWNotebook0.vtkKWFrame1.vtkKWFrame13.vtkKWRadioButtonSet6.vtkKWRadioButton1	KWWidgetsTourExample.vtkKWWindow1.vtkKWFrame3.vtkKWSplitFrame0.vtkKWFrame2.vtkKWSplitFrame0.vtkKWFrame2.vtkKWNotebook0.vtkKWFrame1.vtkKWFrame13.vtkKWRadioButtonSet6.vtkKWRadioButton1
:KWWidgetsTourExample.vtkKWWindow1.vtkKWFrame3.vtkKWSplitFrame0.vtkKWFrame2.vtkKWSplitFrame0.vtkKWFrame2.vtkKWNotebook0.vtkKWFrame1.vtkKWFrame13.vtkKWRadioButtonSet6.vtkKWRadioButton2	KWWidgetsTourExample.vtkKWWindow1.vtkKWFrame3.vtkKWSplitFrame0.vtkKWFrame2.vtkKWSplitFrame0.vtkKWFrame2.vtkKWNotebook0.vtkKWFrame1.vtkKWFrame13.vtkKWRadioButtonSet6.vtkKWRadioButton2
:KWWidgetsTourExample.vtkKWWindow1.vtkKWFrame3.vtkKWSplitFrame0.vtkKWFrame2.vtkKWSplitFrame0.vtkKWFrame2.vtkKWNotebook0.vtkKWFrame1.vtkKWFrame14.vtkKWScale0	KWWidgetsTourExample.vtkKWWindow1.vtkKWFrame3.vtkKWSplitFrame0.vtkKWFrame2.vtkKWSplitFrame0.vtkKWFrame2.vtkKWNotebook0.vtkKWFrame1.vtkKWFrame14.vtkKWScale0
:KWWidgetsTourExample.vtkKWWindow1.vtkKWFrame3.vtkKWSplitFrame0.vtkKWFrame2.vtkKWSplitFrame0.vtkKWFrame2.vtkKWNotebook0.vtkKWFrame1.vtkKWFrame14.vtkKWScaleSet4.vtkKWScale1	KWWidgetsTourExample.vtkKWWindow1.vtkKWFrame3.vtkKWSplitFrame0.vtkKWFrame2.vtkKWSplitFrame0.vtkKWFrame2.vtkKWNotebook0.vtkKWFrame1.vtkKWFrame14.vtkKWScaleSet4.vtkKWScale1
:KWWidgetsTourExample.vtkKWWindow1.vtkKWFrame3.vtkKWSplitFrame0.vtkKWFrame2.vtkKWSplitFrame0.vtkKWFrame2.vtkKWNotebook0.vtkKWFrame1.vtkKWFrame14.vtkKWScaleSet4.vtkKWScale3	KWWidgetsTourExample.vtkKWWindow1.vtkKWFrame3.vtkKWSplitFrame0.vtkKWFrame2.vtkKWSplitFrame0.vtkKWFrame2.vtkKWNotebook0.vtkKWFrame1.vtkKWFrame14.vtkKWScaleSet4.vtkKWScale3
:KWWidgetsTourExample.vtkKWWindow1.vtkKWFrame3.vtkKWSplitFrame0.vtkKWFrame2.vtkKWSplitFrame0.vtkKWFrame2.vtkKWNotebook0.vtkKWFrame1.vtkKWFrame14.vtkKWScaleWithEntry1.vtkKWScale1	KWWidgetsTourExample.vtkKWWindow1.vtkKWFrame3.vtkKWSplitFrame0.vtkKWFrame2.vtkKWSplitFrame0.vtkKWFrame2.vtkKWNotebook0.vtkKWFrame1.vtkKWFrame14.vtkKWScaleWithEntry1.vtkKWScale1
:KWWidgetsTourExample.vtkKWWindow1.vtkKWFrame3.vtkKWSplitFrame0.vtkKWFrame2.vtkKWSplitFrame0.vtkKWFrame2.vtkKWNotebook0.vtkKWFrame1.vtkKWFrame14.vtkKWScaleWithEntry2.vtkKWScale1	KWWidgetsTourExample.vtkKWWindow1.vtkKWFrame3.vtkKWSplitFrame0.vtkKWFrame2.vtkKWSplitFrame0.vtkKWFrame2.vtkKWNotebook0.vtkKWFrame1.vtkKWFrame14.vtkKWScaleWithEntry2.vtkKWScale1
:KWWidgetsTourExample.vtkKWWindow1.vtkKWFrame3.vtkKWSplitFrame0.vtkKWFrame2.vtkKWSplitFrame0.vtkKWFrame2.vtkKWNotebook0.vtkKWFrame1.vtkKWFrame15.vtkKWSpinBox0	KWWidgetsTourExample.vtkKWWindow1.vtkKWFrame3.vtkKWSplitFrame0.vtkKWFrame2.vtkKWSplitFrame0.vtkKWFrame2.vtkKWNotebook0.vtkKWFrame1.vtkKWFrame15.vtkKWSpinBox0
:KWWidgetsTourExample.vtkKWWindow1.vtkKWFrame3.vtkKWSplitFrame0.vtkKWFrame2.vtkKWSplitFrame0.vtkKWFrame2.vtkKWNotebook0.vtkKWFrame1.vtkKWFrame15.vtkKWSpinBox1	KWWidgetsTourExample.vtkKWWindow1.vtkKWFrame3.vtkKWSplitFrame0.vtkKWFrame2.vtkKWSplitFrame0.vtkKWFrame2.vtkKWNotebook0.vtkKWFrame1.vtkKWFrame15.vtkKWSpinBox1
:KWWidgetsTourExample.vtkKWWindow1.vtkKWFrame3.vtkKWSplitFrame0.vtkKWFrame2.vtkKWSplitFrame0.vtkKWFrame2.vtkKWNotebook0.vtkKWFrame1.vtkKWFrame15.vtkKWSpinBoxWithLabel2.vtkKWSpinBox1	KWWidgetsTourExample.vtkKWWindow1.vtkKWFrame3.vtkKWSplitFrame0.vtkKWFrame2.vtkKWSplitFrame0.vtkKWFrame2.vtkKWNotebook0.vtkKWFrame1.vtkKWFrame15.vtkKWSpinBoxWithLabel2.vtkKWSpinBox1
:KWWidgetsTourExample.vtkKWWindow1.vtkKWFrame3.vtkKWSplitFrame0.vtkKWFrame2.vtkKWSplitFrame0.vtkKWFrame2.vtkKWNotebook0.vtkKWFrame1.vtkKWFrame16.vtkKWText0	KWWidgetsTourExample.vtkKWWindow1.vtkKWFrame3.vtkKWSplitFrame0.vtkKWFrame2.vtkKWSplitFrame0.vtkKWFrame2.vtkKWNotebook0.vtkKWFrame1.vtkKWFrame16.vtkKWText0
:KWWidgetsTourExample.vtkKWWindow1.vtkKWFrame3.vtkKWSplitFrame0.vtkKWFrame2.vtkKWSplitFrame0.vtkKWFrame2.vtkKWNotebook0.vtkKWFrame1.vtkKWFrame17.vtkKWTreeWithScrollbars0.vtkKWTree2.c	KWWidgetsTourExample.vtkKWWindow1.vtkKWFrame3.vtkKWSplitFrame0.vtkKWFrame2.vtkKWSplitFrame0.vtkKWFrame2.vtkKWNotebook0.vtkKWFrame1.vtkKWFrame17.vtkKWTreeWithScrollbars0.vtkKWTree2.c
:KWWidgetsTourExample.vtkKWWindow1.vtkKWFrame3.vtkKWSplitFrame0.vtkKWFrame2.vtkKWSplitFrame0.vtkKWFrame2.vtkKWNotebook0.vtkKWFrame1.vtkKWFrame2.vtkKWCheckButton0	KWWidgetsTourExample.vtkKWWindow1.vtkKWFrame3.vtkKWSplitFrame0.vtkKWFrame2.vtkKWSplitFrame0.vtkKWFrame2.vtkKWNotebook0.vtkKWFrame1.vtkKWFrame2.vtkKWCheckButton0
:KWWidgetsTourExample.vtkKWWindow1.vtkKWFrame3.vtkKWSplitFrame0.vtkKWFrame2.vtkKWSplitFrame0.vtkKWFrame2.vtkKWNotebook0.vtkKWFrame1.vtkKWFrame2.vtkKWCheckButton1	KWWidgetsTourExample.vtkKWWindow1.vtkKWFrame3.vtkKWSplitFrame0.vtkKWFrame2.vtkKWSplitFrame0.vtkKWFrame2.vtkKWNotebook0.vtkKWFrame1.vtkKWFrame2.vtkKWCheckButton1
:KWWidgetsTourExample.vtkKWWindow1.vtkKWFrame3.vtkKWSplitFrame0.vtkKWFrame2.vtkKWSplitFrame0.vtkKWFrame2.vtkKWNotebook0.vtkKWFrame1.vtkKWFrame2.vtkKWCheckButton2	KWWidgetsTourExample.vtkKWWindow1.vtkKWFrame3.vtkKWSplitFrame0.vtkKWFrame2.vtkKWSplitFrame0.vtkKWFrame2.vtkKWNotebook0.vtkKWFrame1.vtkKWFrame2.vtkKWCheckButton2
:KWWidgetsTourExample.vtkKWWindow1.vtkKWFrame3.vtkKWSplitFrame0.vtkKWFrame2.vtkKWSplitFrame0.vtkKWFrame2.vtkKWNotebook0.vtkKWFrame1.vtkKWFrame2.vtkKWCheckButtonSet4.vtkKWCheckButton0	KWWidgetsTourExample.vtkKWWindow1.vtkKWFrame3.vtkKWSplitFrame0.vtkKWFrame2.vtkKWSplitFrame0.vtkKWFrame2.vtkKWNotebook0.vtkKWFrame1.vtkKWFrame2.vtkKWCheckButtonSet4.vtkKWCheckButton0
:KWWidgetsTourExample.vtkKWWindow1.vtkKWFrame3.vtkKWSplitFrame0.vtkKWFrame2.vtkKWSplitFrame0.vtkKWFrame2.vtkKWNotebook0.vtkKWFrame1.vtkKWFrame2.vtkKWCheckButtonSet4.vtkKWCheckButton2	KWWidgetsTourExample.vtkKWWindow1.vtkKWFrame3.vtkKWSplitFrame0.vtkKWFrame2.vtkKWSplitFrame0.vtkKWFrame2.vtkKWNotebook0.vtkKWFrame1.vtkKWFrame2.vtkKWCheckButtonSet4.vtkKWCheckButton2
:KWWidgetsTourExample.vtkKWWindow1.vtkKWFrame3.vtkKWSplitFrame0.vtkKWFrame2.vtkKWSplitFrame0.vtkKWFrame2.vtkKWNotebook0.vtkKWFrame1.vtkKWFrame2.vtkKWCheckButtonSet4.vtkKWCheckButton3	KWWidgetsTourExample.vtkKWWindow1.vtkKWFrame3.vtkKWSplitFrame0.vtkKWFrame2.vtkKWSplitFrame0.vtkKWFrame2.vtkKWNotebook0.vtkKWFrame1.vtkKWFrame2.vtkKWCheckButtonSet4.vtkKWCheckButton3
:KWWidgetsTourExample.vtkKWWindow1.vtkKWFrame3.vtkKWSplitFrame0.vtkKWFrame2.vtkKWSplitFrame0.vtkKWFrame2.vtkKWNotebook0.vtkKWFrame1.vtkKWFrame2.vtkKWCheckButtonWithLabel3.vtkKWCheckButton1	KWWidgetsTourExample.vtkKWWindow1.vtkKWFrame3.vtkKWSplitFrame0.vtkKWFrame2.vtkKWSplitFrame0.vtkKWFrame2.vtkKWNotebook0.vtkKWFrame1.vtkKWFrame2.vtkKWCheckButtonWithLabel3.vtkKWCheckButton1
:KWWidgetsTourExample.vtkKWWindow1.vtkKWFrame3.vtkKWSplitFrame0.vtkKWFrame2.vtkKWSplitFrame0.vtkKWFrame2.vtkKWNotebook0.vtkKWFrame1.vtkKWFrame2.vtkKWFrameWithLabel1.vtkKWLabel3	KWWidgetsTourExample.vtkKWWindow1.vtkKWFrame3.vtkKWSplitFrame0.vtkKWFrame2.vtkKWSplitFrame0.vtkKWFrame2.vtkKWNotebook0.vtkKWFrame1.vtkKWFrame2.vtkKWFrameWithLabel1.vtkKWLabel3
:KWWidgetsTourExample.vtkKWWindow1.vtkKWFrame3.vtkKWSplitFrame0.vtkKWFrame2.vtkKWSplitFrame0.vtkKWFrame2.vtkKWNotebook0.vtkKWFrame1.vtkKWFrame2.vtkKWMultiColumnList0.body.fk0,4.w	KWWidgetsTourExample.vtkKWWindow1.vtkKWFrame3.vtkKWSplitFrame0.vtkKWFrame2.vtkKWSplitFrame0.vtkKWFrame2.vtkKWNotebook0.vtkKWFrame1.vtkKWFrame2.vtkKWMultiColumnList0.body.fk0,4.w
:KWWidgetsTourExample.vtkKWWindow1.vtkKWFrame3.vtkKWSplitFrame0.vtkKWFrame2.vtkKWSplitFrame0.vtkKWFrame2.vtkKWNotebook0.vtkKWFrame1.vtkKWFrame2.vtkKWMultiColumnList0.body.fk1,5.w	KWWidgetsTourExample.vtkKWWindow1.vtkKWFrame3.vtkKWSplitFrame0.vtkKWFrame2.vtkKWSplitFrame0.vtkKWFrame2.vtkKWNotebook0.vtkKWFrame1.vtkKWFrame2.vtkKWMultiColumnList0.body.fk1,5.w
:KWWidgetsTourExample.vtkKWWindow1.vtkKWFrame3.vtkKWSplitFrame0.vtkKWFrame2.vtkKWSplitFrame0.vtkKWFrame2.vtkKWNotebook0.vtkKWFrame1.vtkKWFrame2.vtkKWMultiColumnList0.body.fk2,2.w.a.c	KWWidgetsTourExample.vtkKWWindow1.vtkKWFrame3.vtkKWSplitFrame0.vtkKWFrame2.vtkKWSplitFrame0.vtkKWFrame2.vtkKWNotebook0.vtkKWFrame1.vtkKWFrame2.vtkKWMultiColumnList0.body.fk2,2.w.a.c
:KWWidgetsTourExample.vtkKWWindow1.vtkKWFrame3.vtkKWSplitFrame0.vtkKWFrame2.vtkKWSplitFrame0.vtkKWFrame2.vtkKWNotebook0.vtkKWFrame1.vtkKWFrame2.vtkKWMultiColumnList0.body.fk2,2.w.shell.listb	KWWidgetsTourExample.vtkKWWindow1.vtkKWFrame3.vtkKWSplitFrame0.vtkKWFrame2.vtkKWSplitFrame0.vtkKWFrame2.vtkKWNotebook0.vtkKWFrame1.vtkKWFrame2.vtkKWMultiColumnList0.body.fk2,2.w.shell.listb
:KWWidgetsTourExample.vtkKWWindow1.vtkKWFrame3.vtkKWSplitFrame0.vtkKWFrame2.vtkKWSplitFrame0.vtkKWFrame2.vtkKWNotebook0.vtkKWFrame1.vtkKWFrame2.vtkKWMultiColumnList0.body.fk2,5.w	KWWidgetsTourExample.vtkKWWindow1.vtkKWFrame3.vtkKWSplitFrame0.vtkKWFrame2.vtkKWSplitFrame0.vtkKWFrame2.vtkKWNotebook0.vtkKWFrame1.vtkKWFrame2.vtkKWMultiColumnList0.body.fk2,5.w
:KWWidgetsTourExample.vtkKWWindow1.vtkKWFrame3.vtkKWSplitFrame0.vtkKWFrame2.vtkKWSplitFrame0.vtkKWFrame2.vtkKWNotebook0.vtkKWFrame1.vtkKWFrame2.vtkKWMultiColumnList0.body.fk3,2.w.a.c	KWWidgetsTourExample.vtkKWWindow1.vtkKWFrame3.vtkKWSplitFrame0.vtkKWFrame2.vtkKWSplitFrame0.vtkKWFrame2.vtkKWNotebook0.vtkKWFrame1.vtkKWFrame2.vtkKWMultiColumnList0.body.fk3,2.w.a.c
:KWWidgetsTourExample.vtkKWWindow1.vtkKWFrame3.vtkKWSplitFrame0.vtkKWFrame2.vtkKWSplitFrame0.vtkKWFrame2.vtkKWNotebook0.vtkKWFrame1.vtkKWFrame2.vtkKWMultiColumnList0.body.fk3,2.w.shell.listb	KWWidgetsTourExample.vtkKWWindow1.vtkKWFrame3.vtkKWSplitFrame0.vtkKWFrame2.vtkKWSplitFrame0.vtkKWFrame2.vtkKWNotebook0.vtkKWFrame1.vtkKWFrame2.vtkKWMultiColumnList0.body.fk3,2.w.shell.listb
:KWWidgetsTourExample.vtkKWWindow1.vtkKWFrame3.vtkKWSplitFrame0.vtkKWFrame2.vtkKWSplitFrame0.vtkKWFrame2.vtkKWNotebook0.vtkKWFrame1.vtkKWFrame2.vtkKWMultiColumnList0.body.fk3,4.w	KWWidgetsTourExample.vtkKWWindow1.vtkKWFrame3.vtkKWSplitFrame0.vtkKWFrame2.vtkKWSplitFrame0.vtkKWFrame2.vtkKWNotebook0.vtkKWFrame1.vtkKWFrame2.vtkKWMultiColumnList0.body.fk3,4.w
:KWWidgetsTourExample.vtkKWWindow1.vtkKWFrame3.vtkKWSplitFrame0.vtkKWFrame2.vtkKWSplitFrame0.vtkKWFrame2.vtkKWNotebook0.vtkKWFrame1.vtkKWFrame24.vtkKWRenderWidget0.vtkKWCoreWidget0	KWWidgetsTourExample.vtkKWWindow1.vtkKWFrame3.vtkKWSplitFrame0.vtkKWFrame2.vtkKWSplitFrame0.vtkKWFrame2.vtkKWNotebook0.vtkKWFrame1.vtkKWFrame24.vtkKWRenderWidget0.vtkKWCoreWidget0
:KWWidgetsTourExample.vtkKWWindow1.vtkKWFrame3.vtkKWSplitFrame0.vtkKWFrame2.vtkKWSplitFrame0.vtkKWFrame2.vtkKWNotebook0.vtkKWFrame1.vtkKWFrame3.vtkKWComboBox0.a.c	KWWidgetsTourExample.vtkKWWindow1.vtkKWFrame3.vtkKWSplitFrame0.vtkKWFrame2.vtkKWSplitFrame0.vtkKWFrame2.vtkKWNotebook0.vtkKWFrame1.vtkKWFrame3.vtkKWComboBox0.a.c
:KWWidgetsTourExample.vtkKWWindow1.vtkKWFrame3.vtkKWSplitFrame0.vtkKWFrame2.vtkKWSplitFrame0.vtkKWFrame2.vtkKWNotebook0.vtkKWFrame1.vtkKWFrame3.vtkKWComboBox0.shell.listb	KWWidgetsTourExample.vtkKWWindow1.vtkKWFrame3.vtkKWSplitFrame0.vtkKWFrame2.vtkKWSplitFrame0.vtkKWFrame2.vtkKWNotebook0.vtkKWFrame1.vtkKWFrame3.vtkKWComboBox0.shell.listb
:KWWidgetsTourExample.vtkKWWindow1.vtkKWFrame3.vtkKWSplitFrame0.vtkKWFrame2.vtkKWSplitFrame0.vtkKWFrame2.vtkKWNotebook0.vtkKWFrame1.vtkKWFrame3.vtkKWComboBoxSet3.vtkKWComboBox0.a.c	KWWidgetsTourExample.vtkKWWindow1.vtkKWFrame3.vtkKWSplitFrame0.vtkKWFrame2.vtkKWSplitFrame0.vtkKWFrame2.vtkKWNotebook0.vtkKWFrame1.vtkKWFrame3.vtkKWComboBoxSet3.vtkKWComboBox0.a.c
:KWWidgetsTourExample.vtkKWWindow1.vtkKWFrame3.vtkKWSplitFrame0.vtkKWFrame2.vtkKWSplitFrame0.vtkKWFrame2.vtkKWNotebook0.vtkKWFrame1.vtkKWFrame3.vtkKWComboBoxSet3.vtkKWComboBox0.shell.listb	KWWidgetsTourExample.vtkKWWindow1.vtkKWFrame3.vtkKWSplitFrame0.vtkKWFrame2.vtkKWSplitFrame0.vtkKWFrame2.vtkKWNotebook0.vtkKWFrame1.vtkKWFrame3.vtkKWComboBoxSet3.vtkKWComboBox0.shell.listb
:KWWidgetsTourExample.vtkKWWindow1.vtkKWFrame3.vtkKWSplitFrame0.vtkKWFrame2.vtkKWSplitFrame0.vtkKWFrame2.vtkKWNotebook0.vtkKWFrame1.vtkKWFrame3.vtkKWComboBoxWithLabel2.vtkKWComboBox1.a.c	KWWidgetsTourExample.vtkKWWindow1.vtkKWFrame3.vtkKWSplitFrame0.vtkKWFrame2.vtkKWSplitFrame0.vtkKWFrame2.vtkKWNotebook0.vtkKWFrame1.vtkKWFrame3.vtkKWComboBoxWithLabel2.vtkKWComboBox1.a.c
:KWWidgetsTourExample.vtkKWWindow1.vtkKWFrame3.vtkKWSplitFrame0.vtkKWFrame2.vtkKWSplitFrame0.vtkKWFrame2.vtkKWNotebook0.vtkKWFrame1.vtkKWFrame3.vtkKWComboBoxWithLabel2.vtkKWComboBox1.shell.listb	KWWidgetsTourExample.vtkKWWindow1.vtkKWFrame3.vtkKWSplitFrame0.vtkKWFrame2.vtkKWSplitFrame0.vtkKWFrame2.vtkKWNotebook0.vtkKWFrame1.vtkKWFrame3.vtkKWComboBoxWithLabel2.vtkKWComboBox1.shell.listb
:KWWidgetsTourExample.vtkKWWindow1.vtkKWFrame3.vtkKWSplitFrame0.vtkKWFrame2.vtkKWSplitFrame0.vtkKWFrame2.vtkKWNotebook0.vtkKWFrame1.vtkKWFrame3.vtkKWEntrySet4.vtkKWEntry0	KWWidgetsTourExample.vtkKWWindow1.vtkKWFrame3.vtkKWSplitFrame0.vtkKWFrame2.vtkKWSplitFrame0.vtkKWFrame2.vtkKWNotebook0.vtkKWFrame1.vtkKWFrame3.vtkKWEntrySet4.vtkKWEntry0
:KWWidgetsTourExample.vtkKWWindow1.vtkKWFrame3.vtkKWSplitFrame0.vtkKWFrame2.vtkKWSplitFrame0.vtkKWFrame2.vtkKWNotebook0.vtkKWFrame1.vtkKWFrame3.vtkKWEntrySet4.vtkKWEntry1	KWWidgetsTourExample.vtkKWWindow1.vtkKWFrame3.vtkKWSplitFrame0.vtkKWFrame2.vtkKWSplitFrame0.vtkKWFrame2.vtkKWNotebook0.vtkKWFrame1.vtkKWFrame3.vtkKWEntrySet4.vtkKWEntry1
:KWWidgetsTourExample.vtkKWWindow1.vtkKWFrame3.vtkKWSplitFrame0.vtkKWFrame2.vtkKWSplitFrame0.vtkKWFrame2.vtkKWNotebook0.vtkKWFrame1.vtkKWFrame3.vtkKWEntrySet4.vtkKWEntry2	KWWidgetsTourExample.vtkKWWindow1.vtkKWFrame3.vtkKWSplitFrame0.vtkKWFrame2.vtkKWSplitFrame0.vtkKWFrame2.vtkKWNotebook0.vtkKWFrame1.vtkKWFrame3.vtkKWEntrySet4.vtkKWEntry2
:KWWidgetsTourExample.vtkKWWindow1.vtkKWFrame3.vtkKWSplitFrame0.vtkKWFrame2.vtkKWSplitFrame0.vtkKWFrame2.vtkKWNotebook0.vtkKWFrame1.vtkKWFrame3.vtkKWEntrySet4.vtkKWEntry3	KWWidgetsTourExample.vtkKWWindow1.vtkKWFrame3.vtkKWSplitFrame0.vtkKWFrame2.vtkKWSplitFrame0.vtkKWFrame2.vtkKWNotebook0.vtkKWFrame1.vtkKWFrame3.vtkKWEntrySet4.vtkKWEntry3
:KWWidgetsTourExample.vtkKWWindow1.vtkKWFrame3.vtkKWSplitFrame0.vtkKWFrame2.vtkKWSplitFrame0.vtkKWFrame2.vtkKWNotebook0.vtkKWFrame1.vtkKWFrame3.vtkKWEntryWithLabel3.vtkKWEntry1	KWWidgetsTourExample.vtkKWWindow1.vtkKWFrame3.vtkKWSplitFrame0.vtkKWFrame2.vtkKWSplitFrame0.vtkKWFrame2.vtkKWNotebook0.vtkKWFrame1.vtkKWFrame3.vtkKWEntryWithLabel3.vtkKWEntry1
:KWWidgetsTourExample.vtkKWWindow1.vtkKWFrame3.vtkKWSplitFrame0.vtkKWFrame2.vtkKWSplitFrame0.vtkKWFrame2.vtkKWNotebook0.vtkKWFrame1.vtkKWFrame4.vtkKWEntry0	KWWidgetsTourExample.vtkKWWindow1.vtkKWFrame3.vtkKWSplitFrame0.vtkKWFrame2.vtkKWSplitFrame0.vtkKWFrame2.vtkKWNotebook0.vtkKWFrame1.vtkKWFrame4.vtkKWEntry0
:KWWidgetsTourExample.vtkKWWindow1.vtkKWFrame3.vtkKWSplitFrame0.vtkKWFrame2.vtkKWSplitFrame0.vtkKWFrame2.vtkKWNotebook0.vtkKWFrame1.vtkKWFrame4.vtkKWEntrySet4.vtkKWEntry0	KWWidgetsTourExample.vtkKWWindow1.vtkKWFrame3.vtkKWSplitFrame0.vtkKWFrame2.vtkKWSplitFrame0.vtkKWFrame2.vtkKWNotebook0.vtkKWFrame1.vtkKWFrame4.vtkKWEntrySet4.vtkKWEntry0
:KWWidgetsTourExample.vtkKWWindow1.vtkKWFrame3.vtkKWSplitFrame0.vtkKWFrame2.vtkKWSplitFrame0.vtkKWFrame2.vtkKWNotebook0.vtkKWFrame1.vtkKWFrame4.vtkKWEntrySet4.vtkKWEntry1	KWWidgetsTourExample.vtkKWWindow1.vtkKWFrame3.vtkKWSplitFrame0.vtkKWFrame2.vtkKWSplitFrame0.vtkKWFrame2.vtkKWNotebook0.vtkKWFrame1.vtkKWFrame4.vtkKWEntrySet4.vtkKWEntry1
:KWWidgetsTourExample.vtkKWWindow1.vtkKWFrame3.vtkKWSplitFrame0.vtkKWFrame2.vtkKWSplitFrame0.vtkKWFrame2.vtkKWNotebook0.vtkKWFrame1.vtkKWFrame4.vtkKWEntrySet4.vtkKWEntry2	KWWidgetsTourExample.vtkKWWindow1.vtkKWFrame3.vtkKWSplitFrame0.vtkKWFrame2.vtkKWSplitFrame0.vtkKWFrame2.vtkKWNotebook0.vtkKWFrame1.vtkKWFrame4.vtkKWEntrySet4.vtkKWEntry2
:KWWidgetsTourExample.vtkKWWindow1.vtkKWFrame3.vtkKWSplitFrame0.vtkKWFrame2.vtkKWSplitFrame0.vtkKWFrame2.vtkKWNotebook0.vtkKWFrame1.vtkKWFrame4.vtkKWEntrySet4.vtkKWEntry3	KWWidgetsTourExample.vtkKWWindow1.vtkKWFrame3.vtkKWSplitFrame0.vtkKWFrame2.vtkKWSplitFrame0.vtkKWFrame2.vtkKWNotebook0.vtkKWFrame1.vtkKWFrame4.vtkKWEntrySet4.vtkKWEntry3
:KWWidgetsTourExample.vtkKWWindow1.vtkKWFrame3.vtkKWSplitFrame0.vtkKWFrame2.vtkKWSplitFrame0.vtkKWFrame2.vtkKWNotebook0.vtkKWFrame1.vtkKWFrame4.vtkKWEntryWithLabel3.vtkKWEntry1	KWWidgetsTourExample.vtkKWWindow1.vtkKWFrame3.vtkKWSplitFrame0.vtkKWFrame2.vtkKWSplitFrame0.vtkKWFrame2.vtkKWNotebook0.vtkKWFrame1.vtkKWFrame4.vtkKWEntryWithLabel3.vtkKWEntry1
:KWWidgetsTourExample.vtkKWWindow1.vtkKWFrame3.vtkKWSplitFrame0.vtkKWFrame2.vtkKWSplitFrame0.vtkKWFrame2.vtkKWNotebook0.vtkKWFrame1.vtkKWFrame4.vtkKWFrame0	KWWidgetsTourExample.vtkKWWindow1.vtkKWFrame3.vtkKWSplitFrame0.vtkKWFrame2.vtkKWSplitFrame0.vtkKWFrame2.vtkKWNotebook0.vtkKWFrame1.vtkKWFrame4.vtkKWFrame0
:KWWidgetsTourExample.vtkKWWindow1.vtkKWFrame3.vtkKWSplitFrame0.vtkKWFrame2.vtkKWSplitFrame0.vtkKWFrame2.vtkKWNotebook0.vtkKWFrame1.vtkKWFrame4.vtkKWListBox0	KWWidgetsTourExample.vtkKWWindow1.vtkKWFrame3.vtkKWSplitFrame0.vtkKWFrame2.vtkKWSplitFrame0.vtkKWFrame2.vtkKWNotebook0.vtkKWFrame1.vtkKWFrame4.vtkKWListBox0
:KWWidgetsTourExample.vtkKWWindow1.vtkKWFrame3.vtkKWSplitFrame0.vtkKWFrame2.vtkKWSplitFrame0.vtkKWFrame2.vtkKWNotebook0.vtkKWFrame1.vtkKWFrame4.vtkKWListBoxWithScrollbars1.vtkKWListBox2	KWWidgetsTourExample.vtkKWWindow1.vtkKWFrame3.vtkKWSplitFrame0.vtkKWFrame2.vtkKWSplitFrame0.vtkKWFrame2.vtkKWNotebook0.vtkKWFrame1.vtkKWFrame4.vtkKWListBoxWithScrollbars1.vtkKWListBox2
:KWWidgetsTourExample.vtkKWWindow1.vtkKWFrame3.vtkKWSplitFrame0.vtkKWFrame2.vtkKWSplitFrame0.vtkKWFrame2.vtkKWNotebook0.vtkKWFrame1.vtkKWFrame5.vtkKWFrameWithLabel1.vtkKWLabel3	KWWidgetsTourExample.vtkKWWindow1.vtkKWFrame3.vtkKWSplitFrame0.vtkKWFrame2.vtkKWSplitFrame0.vtkKWFrame2.vtkKWNotebook0.vtkKWFrame1.vtkKWFrame5.vtkKWFrameWithLabel1.vtkKWLabel3
:KWWidgetsTourExample.vtkKWWindow1.vtkKWFrame3.vtkKWSplitFrame0.vtkKWFrame2.vtkKWSplitFrame0.vtkKWFrame2.vtkKWNotebook0.vtkKWFrame1.vtkKWFrame5.vtkKWLabel1	KWWidgetsTourExample.vtkKWWindow1.vtkKWFrame3.vtkKWSplitFrame0.vtkKWFrame2.vtkKWSplitFrame0.vtkKWFrame2.vtkKWNotebook0.vtkKWFrame1.vtkKWFrame5.vtkKWLabel1
:KWWidgetsTourExample.vtkKWWindow1.vtkKWFrame3.vtkKWSplitFrame0.vtkKWFrame2.vtkKWSplitFrame0.vtkKWFrame2.vtkKWNotebook0.vtkKWFrame1.vtkKWFrame5.vtkKWLabelSet4.vtkKWLabel0	KWWidgetsTourExample.vtkKWWindow1.vtkKWFrame3.vtkKWSplitFrame0.vtkKWFrame2.vtkKWSplitFrame0.vtkKWFrame2.vtkKWNotebook0.vtkKWFrame1.vtkKWFrame5.vtkKWLabelSet4.vtkKWLabel0
:KWWidgetsTourExample.vtkKWWindow1.vtkKWFrame3.vtkKWSplitFrame0.vtkKWFrame2.vtkKWSplitFrame0.vtkKWFrame2.vtkKWNotebook0.vtkKWFrame1.vtkKWFrame5.vtkKWLabelWithLabel3.vtkKWLabel0	KWWidgetsTourExample.vtkKWWindow1.vtkKWFrame3.vtkKWSplitFrame0.vtkKWFrame2.vtkKWSplitFrame0.vtkKWFrame2.vtkKWNotebook0.vtkKWFrame1.vtkKWFrame5.vtkKWLabelWithLabel3.vtkKWLabel0
:KWWidgetsTourExample.vtkKWWindow1.vtkKWFrame3.vtkKWSplitFrame0.vtkKWFrame2.vtkKWSplitFrame0.vtkKWFrame2.vtkKWNotebook0.vtkKWFrame1.vtkKWFrame5.vtkKWLabelWithLabelSet5.vtkKWLabelWithLabel0.vtkKWLabel0	KWWidgetsTourExample.vtkKWWindow1.vtkKWFrame3.vtkKWSplitFrame0.vtkKWFrame2.vtkKWSplitFrame0.vtkKWFrame2.vtkKWNotebook0.vtkKWFrame1.vtkKWFrame5.vtkKWLabelWithLabelSet5.vtkKWLabelWithLabel0.vtkKWLabel0
:KWWidgetsTourExample.vtkKWWindow1.vtkKWFrame3.vtkKWSplitFrame0.vtkKWFrame2.vtkKWSplitFrame0.vtkKWFrame2.vtkKWNotebook0.vtkKWFrame1.vtkKWFrame5.vtkKWLabelWithLabelSet5.vtkKWLabelWithLabel1.vtkKWLabel0	KWWidgetsTourExample.vtkKWWindow1.vtkKWFrame3.vtkKWSplitFrame0.vtkKWFrame2.vtkKWSplitFrame0.vtkKWFrame2.vtkKWNotebook0.vtkKWFrame1.vtkKWFrame5.vtkKWLabelWithLabelSet5.vtkKWLabelWithLabel1.vtkKWLabel0
:KWWidgetsTourExample.vtkKWWindow1.vtkKWFrame3.vtkKWSplitFrame0.vtkKWFrame2.vtkKWSplitFrame0.vtkKWFrame2.vtkKWNotebook0.vtkKWFrame1.vtkKWFrame5.vtkKWLabelWithLabelSet5.vtkKWLabelWithLabel2.vtkKWLabel0	KWWidgetsTourExample.vtkKWWindow1.vtkKWFrame3.vtkKWSplitFrame0.vtkKWFrame2.vtkKWSplitFrame0.vtkKWFrame2.vtkKWNotebook0.vtkKWFrame1.vtkKWFrame5.vtkKWLabelWithLabelSet5.vtkKWLabelWithLabel2.vtkKWLabel0
:KWWidgetsTourExample.vtkKWWindow1.vtkKWFrame3.vtkKWSplitFrame0.vtkKWFrame2.vtkKWSplitFrame0.vtkKWFrame2.vtkKWNotebook0.vtkKWFrame1.vtkKWFrame6	KWWidgetsTourExample.vtkKWWindow1.vtkKWFrame3.vtkKWSplitFrame0.vtkKWFrame2.vtkKWSplitFrame0.vtkKWFrame2.vtkKWNotebook0.vtkKWFrame1.vtkKWFrame6
:KWWidgetsTourExample.vtkKWWindow1.vtkKWFrame3.vtkKWSplitFrame0.vtkKWFrame2.vtkKWSplitFrame0.vtkKWFrame2.vtkKWNotebook0.vtkKWFrame1.vtkKWFrame6.vtkKWListBox0	KWWidgetsTourExample.vtkKWWindow1.vtkKWFrame3.vtkKWSplitFrame0.vtkKWFrame2.vtkKWSplitFrame0.vtkKWFrame2.vtkKWNotebook0.vtkKWFrame1.vtkKWFrame6.vtkKWListBox0
:KWWidgetsTourExample.vtkKWWindow1.vtkKWFrame3.vtkKWSplitFrame0.vtkKWFrame2.vtkKWSplitFrame0.vtkKWFrame2.vtkKWNotebook0.vtkKWFrame1.vtkKWFrame6.vtkKWListBoxWithScrollbars1.vtkKWListBox2	KWWidgetsTourExample.vtkKWWindow1.vtkKWFrame3.vtkKWSplitFrame0.vtkKWFrame2.vtkKWSplitFrame0.vtkKWFrame2.vtkKWNotebook0.vtkKWFrame1.vtkKWFrame6.vtkKWListBoxWithScrollbars1.vtkKWListBox2
:KWWidgetsTourExample.vtkKWWindow1.vtkKWFrame3.vtkKWSplitFrame0.vtkKWFrame2.vtkKWSplitFrame0.vtkKWFrame2.vtkKWNotebook0.vtkKWFrame1.vtkKWFrame6.vtkKWListBoxWithScrollbars1.vtkKWScrollbar0	KWWidgetsTourExample.vtkKWWindow1.vtkKWFrame3.vtkKWSplitFrame0.vtkKWFrame2.vtkKWSplitFrame0.vtkKWFrame2.vtkKWNotebook0.vtkKWFrame1.vtkKWFrame6.vtkKWListBoxWithScrollbars1.vtkKWScrollbar0
:KWWidgetsTourExample.vtkKWWindow1.vtkKWFrame3.vtkKWSplitFrame0.vtkKWFrame2.vtkKWSplitFrame0.vtkKWFrame2.vtkKWNotebook0.vtkKWFrame1.vtkKWFrame6.vtkKWMenuButton0.vtkKWMenu0	KWWidgetsTourExample.vtkKWWindow1.vtkKWFrame3.vtkKWSplitFrame0.vtkKWFrame2.vtkKWSplitFrame0.vtkKWFrame2.vtkKWNotebook0.vtkKWFrame1.vtkKWFrame6.vtkKWMenuButton0.vtkKWMenu0
:KWWidgetsTourExample.vtkKWWindow1.vtkKWFrame3.vtkKWSplitFrame0.vtkKWFrame2.vtkKWSplitFrame0.vtkKWFrame2.vtkKWNotebook0.vtkKWFrame1.vtkKWFrame6.vtkKWMenuButtonWithLabel2	KWWidgetsTourExample.vtkKWWindow1.vtkKWFrame3.vtkKWSplitFrame0.vtkKWFrame2.vtkKWSplitFrame0.vtkKWFrame2.vtkKWNotebook0.vtkKWFrame1.vtkKWFrame6.vtkKWMenuButtonWithLabel2
:KWWidgetsTourExample.vtkKWWindow1.vtkKWFrame3.vtkKWSplitFrame0.vtkKWFrame2.vtkKWSplitFrame0.vtkKWFrame2.vtkKWNotebook0.vtkKWFrame1.vtkKWFrame6.vtkKWMenuButtonWithLabel2.vtkKWMenuButton1.vtkKWMenu0	KWWidgetsTourExample.vtkKWWindow1.vtkKWFrame3.vtkKWSplitFrame0.vtkKWFrame2.vtkKWSplitFrame0.vtkKWFrame2.vtkKWNotebook0.vtkKWFrame1.vtkKWFrame6.vtkKWMenuButtonWithLabel2.vtkKWMenuButton1.vtkKWMenu0
:KWWidgetsTourExample.vtkKWWindow1.vtkKWFrame3.vtkKWSplitFrame0.vtkKWFrame2.vtkKWSplitFrame0.vtkKWFrame2.vtkKWNotebook0.vtkKWFrame1.vtkKWFrame6.vtkKWMenuButtonWithSpinButtons1.vtkKWMenuButton1.vtkKWMenu0	KWWidgetsTourExample.vtkKWWindow1.vtkKWFrame3.vtkKWSplitFrame0.vtkKWFrame2.vtkKWSplitFrame0.vtkKWFrame2.vtkKWNotebook0.vtkKWFrame1.vtkKWFrame6.vtkKWMenuButtonWithSpinButtons1.vtkKWMenuButton1.vtkKWMenu0
:KWWidgetsTourExample.vtkKWWindow1.vtkKWFrame3.vtkKWSplitFrame0.vtkKWFrame2.vtkKWSplitFrame0.vtkKWFrame2.vtkKWNotebook0.vtkKWFrame1.vtkKWFrame7.vtkKWLabel1	KWWidgetsTourExample.vtkKWWindow1.vtkKWFrame3.vtkKWSplitFrame0.vtkKWFrame2.vtkKWSplitFrame0.vtkKWFrame2.vtkKWNotebook0.vtkKWFrame1.vtkKWFrame7.vtkKWLabel1
:KWWidgetsTourExample.vtkKWWindow1.vtkKWFrame3.vtkKWSplitFrame0.vtkKWFrame2.vtkKWSplitFrame0.vtkKWFrame2.vtkKWNotebook0.vtkKWFrame1.vtkKWFrame7.vtkKWLabel2	KWWidgetsTourExample.vtkKWWindow1.vtkKWFrame3.vtkKWSplitFrame0.vtkKWFrame2.vtkKWSplitFrame0.vtkKWFrame2.vtkKWNotebook0.vtkKWFrame1.vtkKWFrame7.vtkKWLabel2
:KWWidgetsTourExample.vtkKWWindow1.vtkKWFrame3.vtkKWSplitFrame0.vtkKWFrame2.vtkKWSplitFrame0.vtkKWFrame2.vtkKWNotebook0.vtkKWFrame1.vtkKWFrame7.vtkKWLabelWithLabelSet5.vtkKWLabelWithLabel0.vtkKWLabel0	KWWidgetsTourExample.vtkKWWindow1.vtkKWFrame3.vtkKWSplitFrame0.vtkKWFrame2.vtkKWSplitFrame0.vtkKWFrame2.vtkKWNotebook0.vtkKWFrame1.vtkKWFrame7.vtkKWLabelWithLabelSet5.vtkKWLabelWithLabel0.vtkKWLabel0
:KWWidgetsTourExample.vtkKWWindow1.vtkKWFrame3.vtkKWSplitFrame0.vtkKWFrame2.vtkKWSplitFrame0.vtkKWFrame2.vtkKWNotebook0.vtkKWFrame1.vtkKWFrame8.vtkKWMultiColumnList0.body.fk1,2.w.a.c	KWWidgetsTourExample.vtkKWWindow1.vtkKWFrame3.vtkKWSplitFrame0.vtkKWFrame2.vtkKWSplitFrame0.vtkKWFrame2.vtkKWNotebook0.vtkKWFrame1.vtkKWFrame8.vtkKWMultiColumnList0.body.fk1,2.w.a.c
:KWWidgetsTourExample.vtkKWWindow1.vtkKWFrame3.vtkKWSplitFrame0.vtkKWFrame2.vtkKWSplitFrame0.vtkKWFrame2.vtkKWNotebook0.vtkKWFrame1.vtkKWFrame8.vtkKWMultiColumnList0.body.fk1,2.w.shell.listb	KWWidgetsTourExample.vtkKWWindow1.vtkKWFrame3.vtkKWSplitFrame0.vtkKWFrame2.vtkKWSplitFrame0.vtkKWFrame2.vtkKWNotebook0.vtkKWFrame1.vtkKWFrame8.vtkKWMultiColumnList0.body.fk1,2.w.shell.listb
:KWWidgetsTourExample.vtkKWWindow1.vtkKWFrame3.vtkKWSplitFrame0.vtkKWFrame2.vtkKWSplitFrame0.vtkKWFrame2.vtkKWNotebook0.vtkKWFrame1.vtkKWFrame8.vtkKWMultiColumnList0.body.fk3,2.w.a.c	KWWidgetsTourExample.vtkKWWindow1.vtkKWFrame3.vtkKWSplitFrame0.vtkKWFrame2.vtkKWSplitFrame0.vtkKWFrame2.vtkKWNotebook0.vtkKWFrame1.vtkKWFrame8.vtkKWMultiColumnList0.body.fk3,2.w.a.c
:KWWidgetsTourExample.vtkKWWindow1.vtkKWFrame3.vtkKWSplitFrame0.vtkKWFrame2.vtkKWSplitFrame0.vtkKWFrame2.vtkKWNotebook0.vtkKWFrame1.vtkKWFrame8.vtkKWMultiColumnList0.body.fk3,2.w.shell.listb	KWWidgetsTourExample.vtkKWWindow1.vtkKWFrame3.vtkKWSplitFrame0.vtkKWFrame2.vtkKWSplitFrame0.vtkKWFrame2.vtkKWNotebook0.vtkKWFrame1.vtkKWFrame8.vtkKWMultiColumnList0.body.fk3,2.w.shell.listb
:KWWidgetsTourExample.vtkKWWindow1.vtkKWFrame3.vtkKWSplitFrame0.vtkKWFrame2.vtkKWSplitFrame0.vtkKWFrame2.vtkKWNotebook0.vtkKWFrame1.vtkKWFrame8.vtkKWMultiColumnList0.body.fk3,4.w	KWWidgetsTourExample.vtkKWWindow1.vtkKWFrame3.vtkKWSplitFrame0.vtkKWFrame2.vtkKWSplitFrame0.vtkKWFrame2.vtkKWNotebook0.vtkKWFrame1.vtkKWFrame8.vtkKWMultiColumnList0.body.fk3,4.w
:KWWidgetsTourExample.vtkKWWindow1.vtkKWFrame3.vtkKWSplitFrame0.vtkKWFrame2.vtkKWSplitFrame0.vtkKWFrame2.vtkKWNotebook0.vtkKWFrame1.vtkKWFrame8.vtkKWMultiColumnList0.body.fk3,5.w	KWWidgetsTourExample.vtkKWWindow1.vtkKWFrame3.vtkKWSplitFrame0.vtkKWFrame2.vtkKWSplitFrame0.vtkKWFrame2.vtkKWNotebook0.vtkKWFrame1.vtkKWFrame8.vtkKWMultiColumnList0.body.fk3,5.w
:KWWidgetsTourExample.vtkKWWindow1.vtkKWFrame3.vtkKWSplitFrame0.vtkKWFrame2.vtkKWSplitFrame0.vtkKWFrame2.vtkKWNotebook0.vtkKWFrame1.vtkKWFrame9.vtkKWMenuButtonWithLabel2.vtkKWMenuButton1.vtkKWMenu0	KWWidgetsTourExample.vtkKWWindow1.vtkKWFrame3.vtkKWSplitFrame0.vtkKWFrame2.vtkKWSplitFrame0.vtkKWFrame2.vtkKWNotebook0.vtkKWFrame1.vtkKWFrame9.vtkKWMenuButtonWithLabel2.vtkKWMenuButton1.vtkKWMenu0
:KWWidgetsTourExample.vtkKWWindow1.vtkKWFrame3.vtkKWSplitFrame0.vtkKWFrame2.vtkKWSplitFrame0.vtkKWFrame2.vtkKWNotebook0.vtkKWFrame1.vtkKWFrame9.vtkKWMenuButtonWithSpinButtons1.vtkKWMenuButton1.vtkKWMenu0	KWWidgetsTourExample.vtkKWWindow1.vtkKWFrame3.vtkKWSplitFrame0.vtkKWFrame2.vtkKWSplitFrame0.vtkKWFrame2.vtkKWNotebook0.vtkKWFrame1.vtkKWFrame9.vtkKWMenuButtonWithSpinButtons1.vtkKWMenuButton1.vtkKWMenu0
:KWWidgetsTourExample.vtkKWWindow1.vtkKWFrame3.vtkKWSplitFrame0.vtkKWFrame2.vtkKWSplitFrame0.vtkKWFrame2.vtkKWNotebook0.vtkKWFrame1.vtkKWFrame9.vtkKWMultiColumnList0.hdr.t.f.l3	KWWidgetsTourExample.vtkKWWindow1.vtkKWFrame3.vtkKWSplitFrame0.vtkKWFrame2.vtkKWSplitFrame0.vtkKWFrame2.vtkKWNotebook0.vtkKWFrame1.vtkKWFrame9.vtkKWMultiColumnList0.hdr.t.f.l3
:KWWidgetsTourExample.vtkKWWindow1.vtkKWFrame3.vtkKWSplitFrame0.vtkKWFrame2.vtkKWSplitFrame0.vtkKWFrame2.vtkKWNotebook0.vtkKWFrame1.vtkKWFrame9.vtkKWMultiColumnList0.hdr.t.f.l4-il	KWWidgetsTourExample.vtkKWWindow1.vtkKWFrame3.vtkKWSplitFrame0.vtkKWFrame2.vtkKWSplitFrame0.vtkKWFrame2.vtkKWNotebook0.vtkKWFrame1.vtkKWFrame9.vtkKWMultiColumnList0.hdr.t.f.l4-il
:KWWidgetsTourExample.vtkKWWindow1.vtkKWFrame3.vtkKWSplitFrame0.vtkKWFrame2.vtkKWSplitFrame0.vtkKWFrame2.vtkKWNotebook0.vtkKWFrame1.vtkKWFrame9.vtkKWMultiColumnList0.hdr.t.f.l5	KWWidgetsTourExample.vtkKWWindow1.vtkKWFrame3.vtkKWSplitFrame0.vtkKWFrame2.vtkKWSplitFrame0.vtkKWFrame2.vtkKWNotebook0.vtkKWFrame1.vtkKWFrame9.vtkKWMultiColumnList0.hdr.t.f.l5
:KWWidgetsTourExample.vtkKWWindow1.vtkKWFrame3.vtkKWSplitFrame0.vtkKWFrame2.vtkKWSplitFrame0.vtkKWFrame2.vtkKWNotebook0.vtkKWFrame1.vtkKWFrame9.vtkKWMultiColumnList0.hdr.t.f.l6-tl	KWWidgetsTourExample.vtkKWWindow1.vtkKWFrame3.vtkKWSplitFrame0.vtkKWFrame2.vtkKWSplitFrame0.vtkKWFrame2.vtkKWNotebook0.vtkKWFrame1.vtkKWFrame9.vtkKWMultiColumnList0.hdr.t.f.l6-tl
:KWWidgetsTourExample.vtkKWWindow1.vtkKWFrame3.vtkKWSplitFrame0.vtkKWFrame2.vtkKWSplitFrame0.vtkKWFrame2.vtkKWNotebook0.vtkKWFrame1.vtkKWFrame9.vtkKWSpinBox0	KWWidgetsTourExample.vtkKWWindow1.vtkKWFrame3.vtkKWSplitFrame0.vtkKWFrame2.vtkKWSplitFrame0.vtkKWFrame2.vtkKWNotebook0.vtkKWFrame1.vtkKWFrame9.vtkKWSpinBox0
